Component: ARM Compiler 5.05 update 2 (build 169) Tool: armlink [4d0f33]

==============================================================================

Section Cross References

    app_1.o(i.Delay_ms) refers to os_time.o(i.OSTimeDly) for OSTimeDly
    app_1.o(i.GPIO_Configuration) refers to stm32f10x_rcc.o(i.RCC_DeInit) for RCC_DeInit
    app_1.o(i.GPIO_Configuration) refers to stm32f10x_rcc.o(i.RCC_APB2PeriphClockCmd) for RCC_APB2PeriphClockCmd
    app_1.o(i.GPIO_Configuration) refers to stm32f10x_gpio.o(i.GPIO_Init) for GPIO_Init
    app_1.o(i.LED0_task) refers to os_cpu_a.o(.text) for OS_CPU_SR_Save
    app_1.o(i.LED0_task) refers to dht11.o(i.read_dht11) for read_dht11
    app_1.o(i.LED0_task) refers to dht11.o(i.get_temperature) for get_temperature
    app_1.o(i.LED0_task) refers to dht11.o(i.get_humidity) for get_humidity
    app_1.o(i.LED0_task) refers to app_1.o(i.Delay_ms) for Delay_ms
    app_1.o(i.LED0_task) refers to app_1.o(.data) for cpu_sr
    app_1.o(i.LED1_task) refers to app_1.o(i.led_show) for led_show
    app_1.o(i.LED1_task) refers to app_1.o(i.Delay_ms) for Delay_ms
    app_1.o(i.LED1_task) refers to app_1.o(.data) for ledValue
    app_1.o(i.SysTick_Handler) refers to os_cpu_a.o(.text) for OS_CPU_SR_Save
    app_1.o(i.SysTick_Handler) refers to os_core.o(i.OSTimeTick) for OSTimeTick
    app_1.o(i.SysTick_Handler) refers to os_core.o(i.OSIntExit) for OSIntExit
    app_1.o(i.SysTick_Handler) refers to os_core.o(.data) for OSIntNesting
    app_1.o(i.digit_select) refers to stm32f10x_gpio.o(i.GPIO_WriteBit) for GPIO_WriteBit
    app_1.o(i.digit_show) refers to stm32f10x_gpio.o(i.GPIO_WriteBit) for GPIO_WriteBit
    app_1.o(i.led_show) refers to app_1.o(i.digit_select) for digit_select
    app_1.o(i.led_show) refers to app_1.o(i.digit_show) for digit_show
    app_1.o(i.led_show) refers to app_1.o(.data) for index
    app_1.o(i.main) refers to app_1.o(i.GPIO_Configuration) for GPIO_Configuration
    app_1.o(i.main) refers to os_core.o(i.OSInit) for OSInit
    app_1.o(i.main) refers to os_cpu_c.o(i.OS_CPU_SysTickInit) for OS_CPU_SysTickInit
    app_1.o(i.main) refers to os_task.o(i.OSTaskCreate) for OSTaskCreate
    app_1.o(i.main) refers to os_core.o(i.OSStart) for OSStart
    app_1.o(i.main) refers to app_1.o(.bss) for LED0_Task_STK
    app_1.o(i.main) refers to app_1.o(i.LED0_task) for LED0_task
    app_1.o(i.main) refers to app_1.o(i.LED1_task) for LED1_task
    dht11.o(i.DHT11_Pin_IN) refers to stm32f10x_gpio.o(i.GPIO_Init) for GPIO_Init
    dht11.o(i.DHT11_Pin_IN) refers to dht11.o(i.DHT11_Set) for DHT11_Set
    dht11.o(i.DHT11_Pin_OUT) refers to stm32f10x_gpio.o(i.GPIO_Init) for GPIO_Init
    dht11.o(i.DHT11_Pin_OUT) refers to dht11.o(i.DHT11_Set) for DHT11_Set
    dht11.o(i.DHT11_Set) refers to stm32f10x_gpio.o(i.GPIO_WriteBit) for GPIO_WriteBit
    dht11.o(i.get_humidity) refers to dht11.o(.data) for humidity
    dht11.o(i.get_temperature) refers to dht11.o(.data) for temperature
    dht11.o(i.read_dht11) refers to dht11.o(i.DHT11_Pin_OUT) for DHT11_Pin_OUT
    dht11.o(i.read_dht11) refers to dht11.o(i.DHT11_Set) for DHT11_Set
    dht11.o(i.read_dht11) refers to dht11.o(i.Delay_us) for Delay_us
    dht11.o(i.read_dht11) refers to dht11.o(i.DHT11_Pin_IN) for DHT11_Pin_IN
    dht11.o(i.read_dht11) refers to stm32f10x_gpio.o(i.GPIO_ReadInputDataBit) for GPIO_ReadInputDataBit
    dht11.o(i.read_dht11) refers to dht11.o(.data) for humidity
    bsp.o(i.BSP_CPU_ClkFreq) refers to stm32f10x_rcc.o(i.RCC_GetClocksFreq) for RCC_GetClocksFreq
    bsp.o(i.OS_CPU_SysTickClkFreq) refers to bsp.o(i.BSP_CPU_ClkFreq) for BSP_CPU_ClkFreq
    lib_mem.o(i.Mem_Clr) refers to lib_mem.o(i.Mem_Set) for Mem_Set
    lib_str.o(i.Str_Char_Last) refers to lib_str.o(i.Str_Len) for Str_Len
    lib_str.o(i.Str_Str) refers to lib_str.o(i.Str_Len) for Str_Len
    lib_str.o(i.Str_Str) refers to lib_str.o(i.Str_Cmp_N) for Str_Cmp_N
    cpu_c.o(i.CPU_IntSrcDis) refers to cpu_a.o(.text) for CPU_SR_Save
    cpu_c.o(i.CPU_IntSrcEn) refers to cpu_a.o(.text) for CPU_SR_Save
    cpu_c.o(i.CPU_IntSrcPrioGet) refers to cpu_a.o(.text) for CPU_SR_Save
    cpu_c.o(i.CPU_IntSrcPrioSet) refers to cpu_a.o(.text) for CPU_RevBits
    os_cpu_a.o(.text) refers to os_core.o(.data) for OSRunning
    os_cpu_a.o(.text) refers to os_cpu_c.o(i.OSTaskSwHook) for OSTaskSwHook
    os_cpu_c.o(i.OS_CPU_SysTickHandler) refers to os_cpu_a.o(.text) for OS_CPU_SR_Save
    os_cpu_c.o(i.OS_CPU_SysTickHandler) refers to os_core.o(i.OSTimeTick) for OSTimeTick
    os_cpu_c.o(i.OS_CPU_SysTickHandler) refers to os_core.o(i.OSIntExit) for OSIntExit
    os_cpu_c.o(i.OS_CPU_SysTickHandler) refers to os_core.o(.data) for OSIntNesting
    os_cpu_c.o(i.OS_CPU_SysTickInit) refers to bsp.o(i.OS_CPU_SysTickClkFreq) for OS_CPU_SysTickClkFreq
    os_dbg.o(i.OSDebugInit) refers to os_dbg.o(.constdata) for OSDebugEn
    os_core.o(i.OSEventNameGet) refers to os_cpu_a.o(.text) for OS_CPU_SR_Save
[...]
    os_time.o(i.OSTimeDlyHMSM) refers to os_core.o(.data) for OSIntNesting
    os_time.o(i.OSTimeDlyResume) refers to os_cpu_a.o(.text) for OS_CPU_SR_Save
    os_time.o(i.OSTimeDlyResume) refers to os_core.o(i.OS_Sched) for OS_Sched
    os_time.o(i.OSTimeDlyResume) refers to os_core.o(.bss) for OSTCBPrioTbl
    os_time.o(i.OSTimeDlyResume) refers to os_core.o(.data) for OSRdyGrp
    os_time.o(i.OSTimeGet) refers to os_cpu_a.o(.text) for OS_CPU_SR_Save
    os_time.o(i.OSTimeGet) refers to os_core.o(.data) for OSTime
    os_time.o(i.OSTimeSet) refers to os_cpu_a.o(.text) for OS_CPU_SR_Save
    os_time.o(i.OSTimeSet) refers to os_core.o(.data) for OSTime
    stm32f10x_gpio.o(i.GPIO_AFIODeInit) refers to stm32f10x_rcc.o(i.RCC_APB2PeriphResetCmd) for RCC_APB2PeriphResetCmd
    stm32f10x_gpio.o(i.GPIO_DeInit) refers to stm32f10x_rcc.o(i.RCC_APB2PeriphResetCmd) for RCC_APB2PeriphResetCmd
    stm32f10x_rcc.o(i.RCC_GetClocksFreq) refers to stm32f10x_rcc.o(.data) for APBAHBPrescTable
    stm32f10x_rcc.o(i.RCC_WaitForHSEStartUp) refers to stm32f10x_rcc.o(i.RCC_GetFlagStatus) for RCC_GetFlagStatus
    startup_stm32f10x_md.o(STACK) refers (Special) to heapauxi.o(.text) for __use_two_region_memory
    startup_stm32f10x_md.o(HEAP) refers (Special) to heapauxi.o(.text) for __use_two_region_memory
    startup_stm32f10x_md.o(RESET) refers (Special) to heapauxi.o(.text) for __use_two_region_memory
    startup_stm32f10x_md.o(RESET) refers to startup_stm32f10x_md.o(STACK) for __initial_sp
    startup_stm32f10x_md.o(RESET) refers to startup_stm32f10x_md.o(.text) for Reset_Handler
    startup_stm32f10x_md.o(RESET) refers to os_cpu_a.o(.text) for OS_CPU_PendSVHandler
    startup_stm32f10x_md.o(RESET) refers to app_1.o(i.SysTick_Handler) for SysTick_Handler
    startup_stm32f10x_md.o(.text) refers (Special) to heapauxi.o(.text) for __use_two_region_memory
    startup_stm32f10x_md.o(.text) refers to system_stm32f10x.o(i.SystemInit) for SystemInit
    startup_stm32f10x_md.o(.text) refers to __main.o(!!!main) for __main
    startup_stm32f10x_md.o(.text) refers to startup_stm32f10x_md.o(HEAP) for Heap_Mem
    startup_stm32f10x_md.o(.text) refers to startup_stm32f10x_md.o(STACK) for Stack_Mem
    system_stm32f10x.o(i.SetSysClock) refers to system_stm32f10x.o(i.SetSysClockTo72) for SetSysClockTo72
    system_stm32f10x.o(i.SystemCoreClockUpdate) refers to system_stm32f10x.o(.data) for SystemCoreClock
    system_stm32f10x.o(i.SystemInit) refers to system_stm32f10x.o(i.SetSysClock) for SetSysClock
    __main.o(!!!main) refers to __rtentry.o(.ARM.Collect$$rtentry$$00000000) for __rt_entry
    __rtentry.o(.ARM.Collect$$rtentry$$00000000) refers (Special) to __rtentry2.o(.ARM.Collect$$rtentry$$0000000A) for __rt_entry_li
    __rtentry.o(.ARM.Collect$$rtentry$$00000000) refers (Special) to __rtentry2.o(.ARM.Collect$$rtentry$$0000000D) for __rt_entry_main
    __rtentry.o(.ARM.Collect$$rtentry$$00000000) refers (Special) to __rtentry2.o(.ARM.Collect$$rtentry$$0000000C) for __rt_entry_postli_1
    __rtentry.o(.ARM.Collect$$rtentry$$00000000) refers (Special) to __rtentry2.o(.ARM.Collect$$rtentry$$00000009) for __rt_entry_postsh_1
    __rtentry.o(.ARM.Collect$$rtentry$$00000000) refers (Special) to __rtentry2.o(.ARM.Collect$$rtentry$$00000002) for __rt_entry_presh_1
    __rtentry.o(.ARM.Collect$$rtentry$$00000000) refers (Special) to __rtentry4.o(.ARM.Collect$$rtentry$$00000004) for __rt_entry_sh
    __rtentry2.o(.ARM.Collect$$rtentry$$00000008) refers to boardinit2.o(.text) for _platform_post_stackheap_init
    __rtentry2.o(.ARM.Collect$$rtentry$$0000000A) refers to libinit.o(.ARM.Collect$$libinit$$00000000) for __rt_lib_init
    __rtentry2.o(.ARM.Collect$$rtentry$$0000000B) refers to boardinit3.o(.text) for _platform_post_lib_init
    __rtentry2.o(.ARM.Collect$$rtentry$$0000000D) refers to app_1.o(i.main) for main
    __rtentry2.o(.ARM.Collect$$rtentry$$0000000D) refers to exit.o(.text) for exit
    __rtentry2.o(.ARM.exidx) refers to __rtentry2.o(.ARM.Collect$$rtentry$$00000001) for .ARM.Collect$$rtentry$$00000001
    __rtentry2.o(.ARM.exidx) refers to __rtentry2.o(.ARM.Collect$$rtentry$$00000008) for .ARM.Collect$$rtentry$$00000008
    __rtentry2.o(.ARM.exidx) refers to __rtentry2.o(.ARM.Collect$$rtentry$$0000000A) for .ARM.Collect$$rtentry$$0000000A
    __rtentry2.o(.ARM.exidx) refers to __rtentry2.o(.ARM.Collect$$rtentry$$0000000B) for .ARM.Collect$$rtentry$$0000000B
    __rtentry2.o(.ARM.exidx) refers to __rtentry2.o(.ARM.Collect$$rtentry$$0000000D) for .ARM.Collect$$rtentry$$0000000D
    __rtentry4.o(.ARM.Collect$$rtentry$$00000004) refers to sys_stackheap_outer.o(.text) for __user_setup_stackheap
    __rtentry4.o(.ARM.exidx) refers to __rtentry4.o(.ARM.Collect$$rtentry$$00000004) for .ARM.Collect$$rtentry$$00000004
    sys_stackheap_outer.o(.text) refers to libspace.o(.text) for __user_perproc_libspace
    sys_stackheap_outer.o(.text) refers to startup_stm32f10x_md.o(.text) for __user_initial_stackheap
    exit.o(.text) refers to rtexit.o(.ARM.Collect$$rtexit$$00000000) for __rt_exit
    libinit.o(.ARM.Collect$$libinit$$00000000) refers (Special) to libinit2.o(.ARM.Collect$$libinit$$0000002E) for __rt_lib_init_alloca_1
    libinit.o(.ARM.Collect$$libinit$$00000000) refers (Special) to libinit2.o(.ARM.Collect$$libinit$$0000002C) for __rt_lib_init_argv_1
    libinit.o(.ARM.Collect$$libinit$$00000000) refers (Special) to libinit2.o(.ARM.Collect$$libinit$$0000001B) for __rt_lib_init_atexit_1
    libinit.o(.ARM.Collect$$libinit$$00000000) refers (Special) to libinit2.o(.ARM.Collect$$libinit$$00000021) for __rt_lib_init_clock_1
    libinit.o(.ARM.Collect$$libinit$$00000000) refers (Special) to libinit2.o(.ARM.Collect$$libinit$$00000032) for __rt_lib_init_cpp_1
    libinit.o(.ARM.Collect$$libinit$$00000000) refers (Special) to libinit2.o(.ARM.Collect$$libinit$$00000030) for __rt_lib_init_exceptions_1
    libinit.o(.ARM.Collect$$libinit$$00000000) refers (Special) to libinit2.o(.ARM.Collect$$libinit$$00000002) for __rt_lib_init_fp_1
    libinit.o(.ARM.Collect$$libinit$$00000000) refers (Special) to libinit2.o(.ARM.Collect$$libinit$$0000001F) for __rt_lib_init_fp_trap_1
    libinit.o(.ARM.Collect$$libinit$$00000000) refers (Special) to libinit2.o(.ARM.Collect$$libinit$$00000023) for __rt_lib_init_getenv_1
    libinit.o(.ARM.Collect$$libinit$$00000000) refers (Special) to libinit2.o(.ARM.Collect$$libinit$$0000000A) for __rt_lib_init_heap_1
    libinit.o(.ARM.Collect$$libinit$$00000000) refers (Special) to libinit2.o(.ARM.Collect$$libinit$$00000011) for __rt_lib_init_lc_collate_1
    libinit.o(.ARM.Collect$$libinit$$00000000) refers (Special) to libinit2.o(.ARM.Collect$$libinit$$00000013) for __rt_lib_init_lc_ctype_1
    libinit.o(.ARM.Collect$$libinit$$00000000) refers (Special) to libinit2.o(.ARM.Collect$$libinit$$00000015) for __rt_lib_init_lc_monetary_1
    libinit.o(.ARM.Collect$$libinit$$00000000) refers (Special) to libinit2.o(.ARM.Collect$$libinit$$00000017) for __rt_lib_init_lc_numeric_1
    libinit.o(.ARM.Collect$$libinit$$00000000) refers (Special) to libinit2.o(.ARM.Collect$$libinit$$00000019) for __rt_lib_init_lc_time_1
    libinit.o(.ARM.Collect$$libinit$$00000000) refers (Special) to libinit2.o(.ARM.Collect$$libinit$$00000004) for __rt_lib_init_preinit_1
    libinit.o(.ARM.Collect$$libinit$$00000000) refers (Special) to libinit2.o(.ARM.Collect$$libinit$$0000000E) for __rt_lib_init_rand_1
    libinit.o(.ARM.Collect$$libinit$$00000000) refers (Special) to libinit2.o(.ARM.Collect$$libinit$$00000033) for __rt_lib_init_return
    libinit.o(.ARM.Collect$$libinit$$00000000) refers (Special) to libinit2.o(.ARM.Collect$$libinit$$0000001D) for __rt_lib_init_signal_1
    libinit.o(.ARM.Collect$$libinit$$00000000) refers (Special) to libinit2.o(.ARM.Collect$$libinit$$00000025) for __rt_lib_init_stdio_1
    libinit.o(.ARM.Collect$$libinit$$00000000) refers (Special) to libinit2.o(.ARM.Collect$$libinit$$0000000C) for __rt_lib_init_user_alloc_1
    libspace.o(.text) refers to libspace.o(.bss) for __libspace_start
    rtexit.o(.ARM.Collect$$rtexit$$00000000) refers (Special) to rtexit2.o(.ARM.Collect$$rtexit$$00000004) for __rt_exit_exit
    rtexit.o(.ARM.Collect$$rtexit$$00000000) refers (Special) to rtexit2.o(.ARM.Collect$$rtexit$$00000003) for __rt_exit_ls
    rtexit.o(.ARM.Collect$$rtexit$$00000000) refers (Special) to rtexit2.o(.ARM.Collect$$rtexit$$00000002) for __rt_exit_prels_1
    rtexit.o(.ARM.exidx) refers (Special) to rtexit2.o(.ARM.Collect$$rtexit$$00000004) for __rt_exit_exit
    rtexit.o(.ARM.exidx) refers (Special) to rtexit2.o(.ARM.Collect$$rtexit$$00000003) for __rt_exit_ls
    rtexit.o(.ARM.exidx) refers (Special) to rtexit2.o(.ARM.Collect$$rtexit$$00000002) for __rt_exit_prels_1
    rtexit.o(.ARM.exidx) refers to rtexit.o(.ARM.Collect$$rtexit$$00000000) for .ARM.Collect$$rtexit$$00000000
    libinit2.o(.ARM.Collect$$libinit$$00000010) refers to libinit2.o(.ARM.Collect$$libinit$$0000000F) for .ARM.Collect$$libinit$$0000000F
    libinit2.o(.ARM.Collect$$libinit$$00000012) refers to libinit2.o(.ARM.Collect$$libinit$$0000000F) for .ARM.Collect$$libinit$$0000000F
    libinit2.o(.ARM.Collect$$libinit$$00000014) refers to libinit2.o(.ARM.Collect$$libinit$$0000000F) for .ARM.Collect$$libinit$$0000000F
    libinit2.o(.ARM.Collect$$libinit$$00000016) refers to libinit2.o(.ARM.Collect$$libinit$$0000000F) for .ARM.Collect$$libinit$$0000000F
    libinit2.o(.ARM.Collect$$libinit$$00000018) refers to libinit2.o(.ARM.Collect$$libinit$$0000000F) for .ARM.Collect$$libinit$$0000000F
    libinit2.o(.ARM.Collect$$libinit$$00000026) refers to argv_veneer.o(.emb_text) for __ARM_argv_veneer
    libinit2.o(.ARM.Collect$$libinit$$00000027) refers to argv_veneer.o(.emb_text) for __ARM_argv_veneer
    rtexit2.o(.ARM.Collect$$rtexit$$00000003) refers to libshutdown.o(.ARM.Collect$$libshutdown$$00000000) for __rt_lib_shutdown
    rtexit2.o(.ARM.Collect$$rtexit$$00000004) refers to sys_exit.o(.text) for _sys_exit
    rtexit2.o(.ARM.exidx) refers to rtexit2.o(.ARM.Collect$$rtexit$$00000001) for .ARM.Collect$$rtexit$$00000001
    rtexit2.o(.ARM.exidx) refers to rtexit2.o(.ARM.Collect$$rtexit$$00000003) for .ARM.Collect$$rtexit$$00000003
    rtexit2.o(.ARM.exidx) refers to rtexit2.o(.ARM.Collect$$rtexit$$00000004) for .ARM.Collect$$rtexit$$00000004
    argv_veneer.o(.emb_text) refers to no_argv.o(.text) for __ARM_get_argv
    sys_exit.o(.text) refers (Special) to use_no_semi.o(.text) for __I$use$semihosting
    sys_exit.o(.text) refers (Special) to indicate_semi.o(.text) for __semihosting_library_function
    _get_argv_nomalloc.o(.text) refers (Special) to hrguard.o(.text) for __heap_region$guard
    _get_argv_nomalloc.o(.text) refers to defsig_rtmem_outer.o(.text) for __rt_SIGRTMEM
    _get_argv_nomalloc.o(.text) refers to sys_command.o(.text) for _sys_command_string
    libshutdown.o(.ARM.Collect$$libshutdown$$00000000) refers (Special) to libshutdown2.o(.ARM.Collect$$libshutdown$$00000006) for __rt_lib_shutdown_fp_trap_1
    libshutdown.o(.ARM.Collect$$libshutdown$$00000000) refers (Special) to libshutdown2.o(.ARM.Collect$$libshutdown$$0000000E) for __rt_lib_shutdown_heap_1
    libshutdown.o(.ARM.Collect$$libshutdown$$00000000) refers (Special) to libshutdown2.o(.ARM.Collect$$libshutdown$$0000000F) for __rt_lib_shutdown_return
    libshutdown.o(.ARM.Collect$$libshutdown$$00000000) refers (Special) to libshutdown2.o(.ARM.Collect$$libshutdown$$00000009) for __rt_lib_shutdown_signal_1
    libshutdown.o(.ARM.Collect$$libshutdown$$00000000) refers (Special) to libshutdown2.o(.ARM.Collect$$libshutdown$$00000003) for __rt_lib_shutdown_stdio_1
    libshutdown.o(.ARM.Collect$$libshutdown$$00000000) refers (Special) to libshutdown2.o(.ARM.Collect$$libshutdown$$0000000B) for __rt_lib_shutdown_user_alloc_1
    sys_command.o(.text) refers (Special) to use_no_semi.o(.text) for __I$use$semihosting
    sys_command.o(.text) refers (Special) to indicate_semi.o(.text) for __semihosting_library_function
    defsig_rtmem_outer.o(.text) refers to defsig_rtmem_inner.o(.text) for __rt_SIGRTMEM_inner
    defsig_rtmem_outer.o(.text) refers to defsig_exit.o(.text) for __sig_exit
    defsig_rtmem_formal.o(.text) refers to rt_raise.o(.text) for __rt_raise
    rt_raise.o(.text) refers to __raise.o(.text) for __raise
    rt_raise.o(.text) refers to sys_exit.o(.text) for _sys_exit
    defsig_exit.o(.text) refers to sys_exit.o(.text) for _sys_exit
    defsig_rtmem_inner.o(.text) refers to defsig_general.o(.text) for __default_signal_display
    __raise.o(.text) refers to defsig.o(CL$$defsig) for __default_signal_handler
    defsig_general.o(.text) refers to sys_wrch.o(.text) for _ttywrch
    sys_wrch.o(.text) refers (Special) to use_no_semi.o(.text) for __I$use$semihosting
    sys_wrch.o(.text) refers (Special) to indicate_semi.o(.text) for __semihosting_library_function
    defsig.o(CL$$defsig) refers to defsig_rtmem_inner.o(.text) for __rt_SIGRTMEM_inner
    defsig_abrt_inner.o(.text) refers to defsig_general.o(.text) for __default_signal_display
    defsig_fpe_inner.o(.text) refers to defsig_general.o(.text) for __default_signal_display
    defsig_rtred_inner.o(.text) refers to defsig_general.o(.text) for __default_signal_display
    defsig_stak_inner.o(.text) refers to defsig_general.o(.text) for __default_signal_display
    defsig_pvfn_inner.o(.text) refers to defsig_general.o(.text) for __default_signal_display
    defsig_cppl_inner.o(.text) refers to defsig_general.o(.text) for __default_signal_display
    defsig_segv_inner.o(.text) refers to defsig_general.o(.text) for __default_signal_display
    defsig_other.o(.text) refers to defsig_general.o(.text) for __default_signal_display


==============================================================================

Removing Unused input sections from the image.

    Removing app_1.o(.rev16_text), (4 bytes).
    Removing app_1.o(.revsh_text), (4 bytes).
    Removing app_1.o(.rrx_text), (6 bytes).
    Removing dht11.o(.rev16_text), (4 bytes).
    Removing dht11.o(.revsh_text), (4 bytes).
    Removing dht11.o(.rrx_text), (6 bytes).
    Removing bsp.o(.rev16_text), (4 bytes).
    Removing bsp.o(.revsh_text), (4 bytes).
    Removing bsp.o(.rrx_text), (6 bytes).
    Removing lib_mem.o(i.Mem_Clr), (18 bytes).
    Removing lib_mem.o(i.Mem_Cmp), (196 bytes).
    Removing lib_mem.o(i.Mem_Init), (2 bytes).
    Removing lib_mem.o(i.Mem_Set), (110 bytes).
    Removing lib_str.o(i.Str_Cat), (72 bytes).
    Removing lib_str.o(i.Str_Cat_N), (84 bytes).
    Removing lib_str.o(i.Str_Char), (44 bytes).
    Removing lib_str.o(i.Str_Char_Last), (52 bytes).
    Removing lib_str.o(i.Str_Char_N), (60 bytes).
    Removing lib_str.o(i.Str_Cmp), (108 bytes).
    Removing lib_str.o(i.Str_Cmp_N), (138 bytes).
    Removing lib_str.o(i.Str_Copy), (52 bytes).
    Removing lib_str.o(i.Str_Copy_N), (66 bytes).
    Removing lib_str.o(i.Str_Len), (20 bytes).
    Removing lib_str.o(i.Str_Str), (126 bytes).
    Removing cpu_a.o(.text), (42 bytes).
    Removing cpu_c.o(i.CPU_BitBandClr), (68 bytes).
    Removing cpu_c.o(i.CPU_BitBandSet), (68 bytes).
    Removing cpu_c.o(i.CPU_IntSrcDis), (248 bytes).
    Removing cpu_c.o(i.CPU_IntSrcEn), (248 bytes).
    Removing cpu_c.o(i.CPU_IntSrcPrioGet), (332 bytes).
    Removing cpu_c.o(i.CPU_IntSrcPrioSet), (380 bytes).
    Removing os_cpu_c.o(i.OSTaskDelHook), (2 bytes).
    Removing os_cpu_c.o(i.OS_CPU_SysTickHandler), (40 bytes).
    Removing os_core.o(i.OSEventNameGet), (104 bytes).
    Removing os_core.o(i.OSEventNameSet), (124 bytes).
    Removing os_core.o(i.OSEventPendMulti), (600 bytes).
    Removing os_core.o(i.OSIntEnter), (36 bytes).
    Removing os_core.o(i.OSSchedLock), (64 bytes).
    Removing os_core.o(i.OSSchedUnlock), (96 bytes).
    Removing os_core.o(i.OSStatInit), (76 bytes).
    Removing os_core.o(i.OSVersion), (6 bytes).
    Removing os_core.o(i.OS_Dummy), (2 bytes).
    Removing os_core.o(i.OS_EventTaskRdy), (144 bytes).
    Removing os_core.o(i.OS_EventTaskRemove), (42 bytes).
    Removing os_core.o(i.OS_EventTaskRemoveMulti), (58 bytes).
    Removing os_core.o(i.OS_EventTaskWait), (124 bytes).
    Removing os_core.o(i.OS_EventTaskWaitMulti), (148 bytes).
    Removing os_core.o(i.OS_EventWaitListInit), (28 bytes).
    Removing os_core.o(i.OS_MemCopy), (20 bytes).
    Removing os_flag.o(i.OSFlagAccept), (252 bytes).
    Removing os_flag.o(i.OSFlagCreate), (100 bytes).
    Removing os_flag.o(i.OSFlagDel), (232 bytes).
    Removing os_flag.o(i.OSFlagNameGet), (88 bytes).
    Removing os_flag.o(i.OSFlagNameSet), (108 bytes).
    Removing os_flag.o(i.OSFlagPend), (600 bytes).
    Removing os_flag.o(i.OSFlagPendGetFlagsRdy), (32 bytes).
    Removing os_flag.o(i.OSFlagPost), (312 bytes).
    Removing os_flag.o(i.OSFlagQuery), (48 bytes).
    Removing os_flag.o(i.OS_FlagBlock), (164 bytes).
    Removing os_flag.o(i.OS_FlagTaskRdy), (92 bytes).
    Removing os_flag.o(i.OS_FlagUnlink), (36 bytes).
    Removing os_mbox.o(i.OSMboxAccept), (38 bytes).
    Removing os_mbox.o(i.OSMboxCreate), (88 bytes).
    Removing os_mbox.o(i.OSMboxDel), (228 bytes).
    Removing os_mbox.o(i.OSMboxPend), (268 bytes).
    Removing os_mbox.o(i.OSMboxPendAbort), (128 bytes).
    Removing os_mbox.o(i.OSMboxPost), (80 bytes).
    Removing os_mbox.o(i.OSMboxPostOpt), (120 bytes).
    Removing os_mbox.o(i.OSMboxQuery), (76 bytes).
    Removing os_sem.o(i.OSSemAccept), (44 bytes).
    Removing os_sem.o(i.OSSemCreate), (88 bytes).
    Removing os_sem.o(i.OSSemDel), (228 bytes).
    Removing os_sem.o(i.OSSemPend), (248 bytes).
    Removing os_sem.o(i.OSSemPendAbort), (128 bytes).
    Removing os_sem.o(i.OSSemPost), (88 bytes).
    Removing os_sem.o(i.OSSemQuery), (82 bytes).
    Removing os_sem.o(i.OSSemSet), (68 bytes).
    Removing os_task.o(i.OSTaskChangePrio), (416 bytes).
    Removing os_task.o(i.OSTaskDel), (360 bytes).
    Removing os_task.o(i.OSTaskDelReq), (108 bytes).
    Removing os_task.o(i.OSTaskNameGet), (128 bytes).
    Removing os_task.o(i.OSTaskQuery), (92 bytes).
    Removing os_task.o(i.OSTaskResume), (172 bytes).
    Removing os_time.o(i.OSTimeDlyHMSM), (112 bytes).
    Removing os_time.o(i.OSTimeDlyResume), (180 bytes).
    Removing os_time.o(i.OSTimeGet), (28 bytes).
    Removing os_time.o(i.OSTimeSet), (28 bytes).
    Removing misc.o(.rev16_text), (4 bytes).
    Removing misc.o(.revsh_text), (4 bytes).
    Removing misc.o(.rrx_text), (6 bytes).
    Removing misc.o(i.NVIC_Init), (112 bytes).
    Removing misc.o(i.NVIC_PriorityGroupConfig), (20 bytes).
    Removing misc.o(i.NVIC_SetVectorTable), (20 bytes).
    Removing misc.o(i.NVIC_SystemLPConfig), (32 bytes).
    Removing misc.o(i.SysTick_CLKSourceConfig), (40 bytes).
    Removing stm32f10x_gpio.o(.rev16_text), (4 bytes).
    Removing stm32f10x_gpio.o(.revsh_text), (4 bytes).
    Removing stm32f10x_gpio.o(.rrx_text), (6 bytes).
    Removing stm32f10x_gpio.o(i.GPIO_AFIODeInit), (20 bytes).
    Removing stm32f10x_gpio.o(i.GPIO_DeInit), (200 bytes).
    Removing stm32f10x_gpio.o(i.GPIO_ETH_MediaInterfaceConfig), (12 bytes).
    Removing stm32f10x_gpio.o(i.GPIO_EXTILineConfig), (64 bytes).
    Removing stm32f10x_gpio.o(i.GPIO_EventOutputCmd), (12 bytes).
    Removing stm32f10x_gpio.o(i.GPIO_EventOutputConfig), (32 bytes).
    Removing stm32f10x_gpio.o(i.GPIO_PinLockConfig), (18 bytes).
    Removing stm32f10x_gpio.o(i.GPIO_PinRemapConfig), (144 bytes).
    Removing stm32f10x_gpio.o(i.GPIO_ReadInputData), (8 bytes).
    Removing stm32f10x_gpio.o(i.GPIO_ReadOutputData), (8 bytes).
    Removing stm32f10x_gpio.o(i.GPIO_ReadOutputDataBit), (18 bytes).
    Removing stm32f10x_gpio.o(i.GPIO_ResetBits), (4 bytes).
    Removing stm32f10x_gpio.o(i.GPIO_SetBits), (4 bytes).
    Removing stm32f10x_gpio.o(i.GPIO_StructInit), (16 bytes).
    Removing stm32f10x_gpio.o(i.GPIO_Write), (4 bytes).
    Removing stm32f10x_rcc.o(.rev16_text), (4 bytes).
    Removing stm32f10x_rcc.o(.revsh_text), (4 bytes).
    Removing stm32f10x_rcc.o(.rrx_text), (6 bytes).
    Removing stm32f10x_rcc.o(i.RCC_ADCCLKConfig), (24 bytes).
    Removing stm32f10x_rcc.o(i.RCC_AHBPeriphClockCmd), (32 bytes).
    Removing stm32f10x_rcc.o(i.RCC_APB1PeriphClockCmd), (32 bytes).
    Removing stm32f10x_rcc.o(i.RCC_APB1PeriphResetCmd), (32 bytes).
    Removing stm32f10x_rcc.o(i.RCC_APB2PeriphResetCmd), (32 bytes).
    Removing stm32f10x_rcc.o(i.RCC_AdjustHSICalibrationValue), (24 bytes).
    Removing stm32f10x_rcc.o(i.RCC_BackupResetCmd), (12 bytes).
    Removing stm32f10x_rcc.o(i.RCC_ClearFlag), (20 bytes).
    Removing stm32f10x_rcc.o(i.RCC_ClearITPendingBit), (12 bytes).
    Removing stm32f10x_rcc.o(i.RCC_ClockSecuritySystemCmd), (12 bytes).
    Removing stm32f10x_rcc.o(i.RCC_GetFlagStatus), (60 bytes).
    Removing stm32f10x_rcc.o(i.RCC_GetITStatus), (24 bytes).
    Removing stm32f10x_rcc.o(i.RCC_GetSYSCLKSource), (16 bytes).
    Removing stm32f10x_rcc.o(i.RCC_HCLKConfig), (24 bytes).
    Removing stm32f10x_rcc.o(i.RCC_HSEConfig), (76 bytes).
    Removing stm32f10x_rcc.o(i.RCC_HSICmd), (12 bytes).
    Removing stm32f10x_rcc.o(i.RCC_ITConfig), (32 bytes).
    Removing stm32f10x_rcc.o(i.RCC_LSEConfig), (52 bytes).
    Removing stm32f10x_rcc.o(i.RCC_LSICmd), (12 bytes).
    Removing stm32f10x_rcc.o(i.RCC_MCOConfig), (12 bytes).
    Removing stm32f10x_rcc.o(i.RCC_PCLK1Config), (24 bytes).
    Removing stm32f10x_rcc.o(i.RCC_PCLK2Config), (24 bytes).
    Removing stm32f10x_rcc.o(i.RCC_PLLCmd), (12 bytes).
    Removing stm32f10x_rcc.o(i.RCC_PLLConfig), (28 bytes).
    Removing stm32f10x_rcc.o(i.RCC_RTCCLKCmd), (12 bytes).
    Removing stm32f10x_rcc.o(i.RCC_RTCCLKConfig), (16 bytes).
    Removing stm32f10x_rcc.o(i.RCC_SYSCLKConfig), (24 bytes).
    Removing stm32f10x_rcc.o(i.RCC_USBCLKConfig), (12 bytes).
    Removing stm32f10x_rcc.o(i.RCC_WaitForHSEStartUp), (56 bytes).
    Removing system_stm32f10x.o(.rev16_text), (4 bytes).
    Removing system_stm32f10x.o(.revsh_text), (4 bytes).
    Removing system_stm32f10x.o(.rrx_text), (6 bytes).
    Removing system_stm32f10x.o(i.SystemCoreClockUpdate), (164 bytes).
    Removing system_stm32f10x.o(.data), (20 bytes).

150 unused section(s) (total 11766 bytes) removed from the image.

==============================================================================

Image Symbol Table

    Local Symbols

    Symbol Name                              Value     Ov Type        Size  Object(Section)

    ../clib/angel/boardlib.s                 0x00000000   Number         0  boardinit3.o ABSOLUTE
    ../clib/angel/boardlib.s                 0x00000000   Number         0  boardinit2.o ABSOLUTE
    ../clib/angel/boardlib.s                 0x00000000   Number         0  boardinit1.o ABSOLUTE
    ../clib/angel/boardlib.s                 0x00000000   Number         0  boardshut.o ABSOLUTE
    ../clib/angel/handlers.s                 0x00000000   Number         0  __scatter_copy.o ABSOLUTE
    ../clib/angel/handlers.s                 0x00000000   Number         0  __scatter_zi.o ABSOLUTE
    ../clib/angel/kernel.s                   0x00000000   Number         0  __rtentry2.o ABSOLUTE
    ../clib/angel/kernel.s                   0x00000000   Number         0  rtexit.o ABSOLUTE
    ../clib/angel/kernel.s                   0x00000000   Number         0  __rtentry4.o ABSOLUTE
    ../clib/angel/kernel.s                   0x00000000   Number         0  rtexit2.o ABSOLUTE
    ../clib/angel/kernel.s                   0x00000000   Number         0  __rtentry.o ABSOLUTE
    ../clib/angel/rt.s                       0x00000000   Number         0  rt_raise.o ABSOLUTE
    ../clib/angel/scatter.s                  0x00000000   Number         0  __scatter.o ABSOLUTE
    ../clib/angel/startup.s                  0x00000000   Number         0  __main.o ABSOLUTE
    ../clib/angel/sys.s                      0x00000000   Number         0  libspace.o ABSOLUTE
    ../clib/angel/sys.s                      0x00000000   Number         0  use_no_semi.o ABSOLUTE
    ../clib/angel/sys.s                      0x00000000   Number         0  indicate_semi.o ABSOLUTE
    ../clib/angel/sys.s                      0x00000000   Number         0  sys_stackheap_outer.o ABSOLUTE
    ../clib/angel/sysapp.c                   0x00000000   Number         0  sys_command.o ABSOLUTE
    ../clib/angel/sysapp.c                   0x00000000   Number         0  sys_wrch.o ABSOLUTE
    ../clib/angel/sysapp.c                   0x00000000   Number         0  sys_exit.o ABSOLUTE
    ../clib/armsys.c                         0x00000000   Number         0  argv_veneer.o ABSOLUTE
    ../clib/armsys.c                         0x00000000   Number         0  argv_veneer.o ABSOLUTE
    ../clib/armsys.c                         0x00000000   Number         0  _get_argv_nomalloc.o ABSOLUTE
    ../clib/armsys.c                         0x00000000   Number         0  no_argv.o ABSOLUTE
    ../clib/heapalloc.c                      0x00000000   Number         0  hrguard.o ABSOLUTE
    ../clib/heapaux.c                        0x00000000   Number         0  heapauxi.o ABSOLUTE
    ../clib/libinit.s                        0x00000000   Number         0  libinit.o ABSOLUTE
    ../clib/libinit.s                        0x00000000   Number         0  libshutdown2.o ABSOLUTE
    ../clib/libinit.s                        0x00000000   Number         0  libinit2.o ABSOLUTE
    ../clib/libinit.s                        0x00000000   Number         0  libshutdown.o ABSOLUTE
    ../clib/signal.c                         0x00000000   Number         0  defsig_cppl_inner.o ABSOLUTE
    ../clib/signal.c                         0x00000000   Number         0  defsig_pvfn_inner.o ABSOLUTE
    ../clib/signal.c                         0x00000000   Number         0  defsig_stak_inner.o ABSOLUTE
    ../clib/signal.c                         0x00000000   Number         0  defsig_fpe_inner.o ABSOLUTE
    ../clib/signal.c                         0x00000000   Number         0  defsig_abrt_inner.o ABSOLUTE
    ../clib/signal.c                         0x00000000   Number         0  defsig_general.o ABSOLUTE
    ../clib/signal.c                         0x00000000   Number         0  __raise.o ABSOLUTE
    ../clib/signal.c                         0x00000000   Number         0  defsig_rtmem_inner.o ABSOLUTE
    ../clib/signal.c                         0x00000000   Number         0  defsig_exit.o ABSOLUTE
    ../clib/signal.c                         0x00000000   Number         0  defsig_rtmem_outer.o ABSOLUTE
    ../clib/signal.c                         0x00000000   Number         0  defsig_rtmem_formal.o ABSOLUTE
    ../clib/signal.c                         0x00000000   Number         0  defsig_rtred_inner.o ABSOLUTE
    ../clib/signal.c                         0x00000000   Number         0  defsig_other.o ABSOLUTE
    ../clib/signal.c                         0x00000000   Number         0  defsig_segv_inner.o ABSOLUTE
    ../clib/signal.s                         0x00000000   Number         0  defsig.o ABSOLUTE
    ../clib/stdlib.c                         0x00000000   Number         0  exit.o ABSOLUTE
    ../fplib/fpinit.s                        0x00000000   Number         0  fpinit.o ABSOLUTE
    APP\\app.c                               0x00000000   Number         0  app_1.o ABSOLUTE
    APP\app.c                                0x00000000   Number         0  app_1.o ABSOLUTE
    BSP\BSP.c                                0x00000000   Number         0  bsp.o ABSOLUTE
    BSP\\BSP.c                               0x00000000   Number         0  bsp.o ABSOLUTE
    C:\Keil_v5\ARM\PACK\Keil\STM32F1xx_DFP\2.0.0\Device\StdPeriph_Driver\src\misc.c 0x00000000   Number         0  misc.o ABSOLUTE
    C:\Keil_v5\ARM\PACK\Keil\STM32F1xx_DFP\2.0.0\Device\StdPeriph_Driver\src\stm32f10x_gpio.c 0x00000000   Number         0  stm32f10x_gpio.o ABSOLUTE
    C:\Keil_v5\ARM\PACK\Keil\STM32F1xx_DFP\2.0.0\Device\StdPeriph_Driver\src\stm32f10x_rcc.c 0x00000000   Number         0  stm32f10x_rcc.o ABSOLUTE
    C:\\Keil_v5\\ARM\\PACK\\Keil\\STM32F1xx_DFP\\2.0.0\\Device\\StdPeriph_Driver\\src\\misc.c 0x00000000   Number         0  misc.o ABSOLUTE
    C:\\Keil_v5\\ARM\\PACK\\Keil\\STM32F1xx_DFP\\2.0.0\\Device\\StdPeriph_Driver\\src\\stm32f10x_gpio.c 0x00000000   Number         0  stm32f10x_gpio.o ABSOLUTE
    C:\\Keil_v5\\ARM\\PACK\\Keil\\STM32F1xx_DFP\\2.0.0\\Device\\StdPeriph_Driver\\src\\stm32f10x_rcc.c 0x00000000   Number         0  stm32f10x_rcc.o ABSOLUTE
    CPU\cpu_a.asm                            0x00000000   Number         0  cpu_a.o ABSOLUTE
    CPU\cpu_c.c                              0x00000000   Number         0  cpu_c.o ABSOLUTE
    CPU\os_cpu_a.asm                         0x00000000   Number         0  os_cpu_a.o ABSOLUTE
    CPU\os_cpu_c.c                           0x00000000   Number         0  os_cpu_c.o ABSOLUTE
    CPU\os_dbg.c                             0x00000000   Number         0  os_dbg.o ABSOLUTE
    DHT11\\dht11.c                           0x00000000   Number         0  dht11.o ABSOLUTE
    DHT11\dht11.c                            0x00000000   Number         0  dht11.o ABSOLUTE
    LIB\lib_mem.c                            0x00000000   Number         0  lib_mem.o ABSOLUTE
    LIB\lib_str.c                            0x00000000   Number         0  lib_str.o ABSOLUTE
    RTE\Device\STM32F103C8\startup_stm32f10x_md.s 0x00000000   Number         0  startup_stm32f10x_md.o ABSOLUTE
    RTE\Device\STM32F103C8\system_stm32f10x.c 0x00000000   Number         0  system_stm32f10x.o ABSOLUTE
    RTE\\Device\\STM32F103C8\\system_stm32f10x.c 0x00000000   Number         0  system_stm32f10x.o ABSOLUTE
    UCOS\os_core.c                           0x00000000   Number         0  os_core.o ABSOLUTE
    UCOS\os_flag.c                           0x00000000   Number         0  os_flag.o ABSOLUTE
    UCOS\os_mbox.c                           0x00000000   Number         0  os_mbox.o ABSOLUTE
    UCOS\os_mem.c                            0x00000000   Number         0  os_mem.o ABSOLUTE
    UCOS\os_mutex.c                          0x00000000   Number         0  os_mutex.o ABSOLUTE
    UCOS\os_q.c                              0x00000000   Number         0  os_q.o ABSOLUTE
    UCOS\os_sem.c                            0x00000000   Number         0  os_sem.o ABSOLUTE
    UCOS\os_task.c                           0x00000000   Number         0  os_task.o ABSOLUTE
    UCOS\os_time.c                           0x00000000   Number         0  os_time.o ABSOLUTE
    UCOS\os_tmr.c                            0x00000000   Number         0  os_tmr.o ABSOLUTE
    dc.s                                     0x00000000   Number         0  dc.o ABSOLUTE
    RESET                                    0x08000000   Section      236  startup_stm32f10x_md.o(RESET)
    !!!main                                  0x080000ec   Section        8  __main.o(!!!main)
    !!!scatter                               0x080000f4   Section       52  __scatter.o(!!!scatter)
    !!handler_copy                           0x08000128   Section       26  __scatter_copy.o(!!handler_copy)
    !!handler_zi                             0x08000144   Section       28  __scatter_zi.o(!!handler_zi)
    .ARM.Collect$$libinit$$00000000          0x08000160   Section        2  libinit.o(.ARM.Collect$$libinit$$00000000)
    .ARM.Collect$$libinit$$00000002          0x08000162   Section        0  libinit2.o(.ARM.Collect$$libinit$$00000002)
    .ARM.Collect$$libinit$$00000004          0x08000162   Section        0  libinit2.o(.ARM.Collect$$libinit$$00000004)
    .ARM.Collect$$libinit$$0000000A          0x08000162   Section        0  libinit2.o(.ARM.Collect$$libinit$$0000000A)
    .ARM.Collect$$libinit$$0000000C          0x08000162   Section        0  libinit2.o(.ARM.Collect$$libinit$$0000000C)
    .ARM.Collect$$libinit$$0000000E          0x08000162   Section        0  libinit2.o(.ARM.Collect$$libinit$$0000000E)
    .ARM.Collect$$libinit$$00000011          0x08000162   Section        0  libinit2.o(.ARM.Collect$$libinit$$00000011)
    .ARM.Collect$$libinit$$00000013          0x08000162   Section        0  libinit2.o(.ARM.Collect$$libinit$$00000013)
    .ARM.Collect$$libinit$$00000015          0x08000162   Section        0  libinit2.o(.ARM.Collect$$libinit$$00000015)
    .ARM.Collect$$libinit$$00000017          0x08000162   Section        0  libinit2.o(.ARM.Collect$$libinit$$00000017)
    .ARM.Collect$$libinit$$00000019          0x08000162   Section        0  libinit2.o(.ARM.Collect$$libinit$$00000019)
    .ARM.Collect$$libinit$$0000001B          0x08000162   Section        0  libinit2.o(.ARM.Collect$$libinit$$0000001B)
    .ARM.Collect$$libinit$$0000001D          0x08000162   Section        0  libinit2.o(.ARM.Collect$$libinit$$0000001D)
    .ARM.Collect$$libinit$$0000001F          0x08000162   Section        0  libinit2.o(.ARM.Collect$$libinit$$0000001F)
    .ARM.Collect$$libinit$$00000021          0x08000162   Section        0  libinit2.o(.ARM.Collect$$libinit$$00000021)
    .ARM.Collect$$libinit$$00000023          0x08000162   Section        0  libinit2.o(.ARM.Collect$$libinit$$00000023)
    .ARM.Collect$$libinit$$00000025          0x08000162   Section        0  libinit2.o(.ARM.Collect$$libinit$$00000025)
    .ARM.Collect$$libinit$$0000002C          0x08000162   Section        0  libinit2.o(.ARM.Collect$$libinit$$0000002C)
    .ARM.Collect$$libinit$$0000002E          0x08000162   Section        0  libinit2.o(.ARM.Collect$$libinit$$0000002E)
    .ARM.Collect$$libinit$$00000030          0x08000162   Section        0  libinit2.o(.ARM.Collect$$libinit$$00000030)
    .ARM.Collect$$libinit$$00000032          0x08000162   Section        0  libinit2.o(.ARM.Collect$$libinit$$00000032)
    .ARM.Collect$$libinit$$00000033          0x08000162   Section        2  libinit2.o(.ARM.Collect$$libinit$$00000033)
    .ARM.Collect$$libshutdown$$00000000      0x08000164   Section        2  libshutdown.o(.ARM.Collect$$libshutdown$$00000000)
    .ARM.Collect$$libshutdown$$00000003      0x08000166   Section        0  libshutdown2.o(.ARM.Collect$$libshutdown$$00000003)
    .ARM.Collect$$libshutdown$$00000006      0x08000166   Section        0  libshutdown2.o(.ARM.Collect$$libshutdown$$00000006)
    .ARM.Collect$$libshutdown$$00000009      0x08000166   Section        0  libshutdown2.o(.ARM.Collect$$libshutdown$$00000009)
    .ARM.Collect$$libshutdown$$0000000B      0x08000166   Section        0  libshutdown2.o(.ARM.Collect$$libshutdown$$0000000B)
    .ARM.Collect$$libshutdown$$0000000E      0x08000166   Section        0  libshutdown2.o(.ARM.Collect$$libshutdown$$0000000E)
    .ARM.Collect$$libshutdown$$0000000F      0x08000166   Section        2  libshutdown2.o(.ARM.Collect$$libshutdown$$0000000F)
    .ARM.Collect$$rtentry$$00000000          0x08000168   Section        0  __rtentry.o(.ARM.Collect$$rtentry$$00000000)
    .ARM.Collect$$rtentry$$00000002          0x08000168   Section        0  __rtentry2.o(.ARM.Collect$$rtentry$$00000002)
    .ARM.Collect$$rtentry$$00000004          0x08000168   Section        6  __rtentry4.o(.ARM.Collect$$rtentry$$00000004)
    .ARM.Collect$$rtentry$$00000009          0x0800016e   Section        0  __rtentry2.o(.ARM.Collect$$rtentry$$00000009)
    .ARM.Collect$$rtentry$$0000000A          0x0800016e   Section        4  __rtentry2.o(.ARM.Collect$$rtentry$$0000000A)
    .ARM.Collect$$rtentry$$0000000C          0x08000172   Section        0  __rtentry2.o(.ARM.Collect$$rtentry$$0000000C)
    .ARM.Collect$$rtentry$$0000000D          0x08000172   Section        8  __rtentry2.o(.ARM.Collect$$rtentry$$0000000D)
    .ARM.Collect$$rtexit$$00000000           0x0800017a   Section        2  rtexit.o(.ARM.Collect$$rtexit$$00000000)
    .ARM.Collect$$rtexit$$00000002           0x0800017c   Section        0  rtexit2.o(.ARM.Collect$$rtexit$$00000002)
    .ARM.Collect$$rtexit$$00000003           0x0800017c   Section        4  rtexit2.o(.ARM.Collect$$rtexit$$00000003)
    .ARM.Collect$$rtexit$$00000004           0x08000180   Section        6  rtexit2.o(.ARM.Collect$$rtexit$$00000004)
    .text                                    0x08000188   Section      164  os_cpu_a.o(.text)
    .text                                    0x0800022c   Section       64  startup_stm32f10x_md.o(.text)
    .text                                    0x0800026c   Section        0  heapauxi.o(.text)
    .text                                    0x08000272   Section       74  sys_stackheap_outer.o(.text)
    .text                                    0x080002bc   Section        0  exit.o(.text)
    .text                                    0x080002c8   Section        8  libspace.o(.text)
    .text                                    0x080002d0   Section        0  sys_exit.o(.text)
    .text                                    0x080002dc   Section        2  use_no_semi.o(.text)
    .text                                    0x080002de   Section        0  indicate_semi.o(.text)
    i.BSP_CPU_ClkFreq                        0x080002de   Section        0  bsp.o(i.BSP_CPU_ClkFreq)
    i.DHT11_Pin_IN                           0x080002f0   Section        0  dht11.o(i.DHT11_Pin_IN)
    i.DHT11_Pin_OUT                          0x0800031c   Section        0  dht11.o(i.DHT11_Pin_OUT)
    i.DHT11_Set                              0x08000348   Section        0  dht11.o(i.DHT11_Set)
    i.Delay_ms                               0x08000368   Section        0  app_1.o(i.Delay_ms)
    i.Delay_us                               0x08000374   Section        0  dht11.o(i.Delay_us)
    i.GPIO_Configuration                     0x08000380   Section        0  app_1.o(i.GPIO_Configuration)
    i.GPIO_Init                              0x080003d4   Section        0  stm32f10x_gpio.o(i.GPIO_Init)
    i.GPIO_ReadInputDataBit                  0x080004ea   Section        0  stm32f10x_gpio.o(i.GPIO_ReadInputDataBit)
    i.GPIO_WriteBit                          0x080004fc   Section        0  stm32f10x_gpio.o(i.GPIO_WriteBit)
    i.LED0_task                              0x08000508   Section        0  app_1.o(i.LED0_task)
    i.LED1_task                              0x08000570   Section        0  app_1.o(i.LED1_task)
    i.OSDebugInit                            0x08000588   Section        0  os_dbg.o(i.OSDebugInit)
    i.OSInit                                 0x0800069c   Section        0  os_core.o(i.OSInit)
    i.OSInitHookBegin                        0x080006c8   Section        0  os_cpu_c.o(i.OSInitHookBegin)
    i.OSInitHookEnd                          0x080006ca   Section        0  os_cpu_c.o(i.OSInitHookEnd)
    i.OSIntExit                              0x080006cc   Section        0  os_core.o(i.OSIntExit)
    i.OSStart                                0x0800075c   Section        0  os_core.o(i.OSStart)
    i.OSTCBInitHook                          0x080007a4   Section        0  os_cpu_c.o(i.OSTCBInitHook)
    i.OSTaskCreate                           0x080007a8   Section        0  os_task.o(i.OSTaskCreate)
    i.OSTaskCreateExt                        0x0800084c   Section        0  os_task.o(i.OSTaskCreateExt)
    i.OSTaskCreateHook                       0x08000904   Section        0  os_cpu_c.o(i.OSTaskCreateHook)
    i.OSTaskIdleHook                         0x08000906   Section        0  os_cpu_c.o(i.OSTaskIdleHook)
    i.OSTaskNameSet                          0x08000908   Section        0  os_task.o(i.OSTaskNameSet)
    i.OSTaskStatHook                         0x08000998   Section        0  os_cpu_c.o(i.OSTaskStatHook)
    i.OSTaskStkChk                           0x0800099c   Section        0  os_task.o(i.OSTaskStkChk)
    i.OSTaskStkInit                          0x08000a28   Section        0  os_cpu_c.o(i.OSTaskStkInit)
    i.OSTaskSuspend                          0x08000ac4   Section        0  os_task.o(i.OSTaskSuspend)
    i.OSTaskSwHook                           0x08000b6c   Section        0  os_cpu_c.o(i.OSTaskSwHook)
    i.OSTimeDly                              0x08000b70   Section        0  os_time.o(i.OSTimeDly)
    i.OSTimeTick                             0x08000be0   Section        0  os_core.o(i.OSTimeTick)
    i.OSTimeTickHook                         0x08000ccc   Section        0  os_cpu_c.o(i.OSTimeTickHook)
    i.OS_CPU_SysTickClkFreq                  0x08000cce   Section        0  bsp.o(i.OS_CPU_SysTickClkFreq)
    i.OS_CPU_SysTickInit                     0x08000cda   Section        0  os_cpu_c.o(i.OS_CPU_SysTickInit)
    i.OS_FlagInit                            0x08000d08   Section        0  os_flag.o(i.OS_FlagInit)
    i.OS_InitEventList                       0x08000d54   Section        0  os_core.o(i.OS_InitEventList)
    OS_InitEventList                         0x08000d55   Thumb Code    70  os_core.o(i.OS_InitEventList)
    i.OS_InitMisc                            0x08000da4   Section        0  os_core.o(i.OS_InitMisc)
    OS_InitMisc                              0x08000da5   Thumb Code    44  os_core.o(i.OS_InitMisc)
    i.OS_InitRdyList                         0x08000df8   Section        0  os_core.o(i.OS_InitRdyList)
    OS_InitRdyList                           0x08000df9   Thumb Code    46  os_core.o(i.OS_InitRdyList)
    i.OS_InitTCBList                         0x08000e40   Section        0  os_core.o(i.OS_InitTCBList)
    OS_InitTCBList                           0x08000e41   Thumb Code    86  os_core.o(i.OS_InitTCBList)
    i.OS_InitTaskIdle                        0x08000ea8   Section        0  os_core.o(i.OS_InitTaskIdle)
    OS_InitTaskIdle                          0x08000ea9   Thumb Code    50  os_core.o(i.OS_InitTaskIdle)
    i.OS_InitTaskStat                        0x08000ef8   Section        0  os_core.o(i.OS_InitTaskStat)
    OS_InitTaskStat                          0x08000ef9   Thumb Code    50  os_core.o(i.OS_InitTaskStat)
    i.OS_MemClr                              0x08000f48   Section        0  os_core.o(i.OS_MemClr)
    i.OS_Sched                               0x08000f5c   Section        0  os_core.o(i.OS_Sched)
    i.OS_SchedNew                            0x08000fd0   Section        0  os_core.o(i.OS_SchedNew)
    OS_SchedNew                              0x08000fd1   Thumb Code    26  os_core.o(i.OS_SchedNew)
    i.OS_StrCopy                             0x08000ffc   Section        0  os_core.o(i.OS_StrCopy)
    i.OS_StrLen                              0x08001018   Section        0  os_core.o(i.OS_StrLen)
    i.OS_TCBInit                             0x0800102c   Section        0  os_core.o(i.OS_TCBInit)
    i.OS_TaskIdle                            0x0800114c   Section        0  os_core.o(i.OS_TaskIdle)
    i.OS_TaskStat                            0x08001170   Section        0  os_core.o(i.OS_TaskStat)
    i.OS_TaskStatStkChk                      0x080011f8   Section        0  os_core.o(i.OS_TaskStatStkChk)
    i.OS_TaskStkClr                          0x08001234   Section        0  os_task.o(i.OS_TaskStkClr)
    i.RCC_APB2PeriphClockCmd                 0x08001250   Section        0  stm32f10x_rcc.o(i.RCC_APB2PeriphClockCmd)
    i.RCC_DeInit                             0x08001270   Section        0  stm32f10x_rcc.o(i.RCC_DeInit)
    i.RCC_GetClocksFreq                      0x080012bc   Section        0  stm32f10x_rcc.o(i.RCC_GetClocksFreq)
    i.SetSysClock                            0x08001390   Section        0  system_stm32f10x.o(i.SetSysClock)
    SetSysClock                              0x08001391   Thumb Code     8  system_stm32f10x.o(i.SetSysClock)
    i.SetSysClockTo72                        0x08001398   Section        0  system_stm32f10x.o(i.SetSysClockTo72)
    SetSysClockTo72                          0x08001399   Thumb Code   214  system_stm32f10x.o(i.SetSysClockTo72)
    i.SysTick_Handler                        0x08001478   Section        0  app_1.o(i.SysTick_Handler)
    i.SystemInit                             0x080014a0   Section        0  system_stm32f10x.o(i.SystemInit)
    i.digit_select                           0x08001500   Section        0  app_1.o(i.digit_select)
    i.digit_show                             0x08001564   Section        0  app_1.o(i.digit_show)
    i.get_humidity                           0x08001648   Section        0  dht11.o(i.get_humidity)
    i.get_temperature                        0x08001654   Section        0  dht11.o(i.get_temperature)
    i.led_show                               0x08001660   Section        0  app_1.o(i.led_show)
    i.main                                   0x080016b8   Section        0  app_1.o(i.main)
    i.read_dht11                             0x080016f8   Section        0  dht11.o(i.read_dht11)
    .constdata                               0x08001834   Section       94  os_dbg.o(.constdata)
    .constdata                               0x08001892   Section      256  os_core.o(.constdata)
    .data                                    0x20000000   Section       12  app_1.o(.data)
    index                                    0x20000008   Data           4  app_1.o(.data)
    .data                                    0x2000000c   Section        8  dht11.o(.data)
    .data                                    0x20000014   Section       64  os_core.o(.data)
    .data                                    0x20000054   Section       20  stm32f10x_rcc.o(.data)
    APBAHBPrescTable                         0x20000054   Data          16  stm32f10x_rcc.o(.data)
    ADCPrescTable                            0x20000064   Data           4  stm32f10x_rcc.o(.data)
    .bss                                     0x20000068   Section     1200  app_1.o(.bss)
    .bss                                     0x20000518   Section     3636  os_core.o(.bss)
    .bss                                     0x2000134c   Section       96  libspace.o(.bss)
    HEAP                                     0x200013b0   Section      512  startup_stm32f10x_md.o(HEAP)
    Heap_Mem                                 0x200013b0   Data         512  startup_stm32f10x_md.o(HEAP)
    STACK                                    0x200015b0   Section     1024  startup_stm32f10x_md.o(STACK)
    Stack_Mem                                0x200015b0   Data        1024  startup_stm32f10x_md.o(STACK)
    __initial_sp                             0x200019b0   Data           0  startup_stm32f10x_md.o(STACK)

    Global Symbols

    Symbol Name                              Value     Ov Type        Size  Object(Section)

    BuildAttributes$$THM_ISAv4$P$D$K$B$S$PE$A:L22UL41UL21$X:L11$S22US41US21$IEEE1$IW$USESV6$~STKCKD$USESV7$~SHL$OSPACE$ROPI$EBA8$UX$STANDARDLIB$REQ8$PRES8$EABIv2 0x00000000   Number         0  anon$$obj.o ABSOLUTE
    __ARM_use_no_argv                        0x00000000   Number         0  app_1.o ABSOLUTE
    __ARM_exceptions_init                     - Undefined Weak Reference
    __alloca_initialize                       - Undefined Weak Reference
    __arm_preinit_                            - Undefined Weak Reference
    __cpp_initialize__aeabi_                  - Undefined Weak Reference
    __cxa_finalize                            - Undefined Weak Reference
    __rt_locale                               - Undefined Weak Reference
    __sigvec_lookup                           - Undefined Weak Reference
    _atexit_init                              - Undefined Weak Reference
    _call_atexit_fns                          - Undefined Weak Reference
    _clock_init                               - Undefined Weak Reference
    _fp_trap_init                             - Undefined Weak Reference
    _fp_trap_shutdown                         - Undefined Weak Reference
    _get_lc_collate                           - Undefined Weak Reference
    _get_lc_ctype                             - Undefined Weak Reference
    _get_lc_monetary                          - Undefined Weak Reference
    _get_lc_numeric                           - Undefined Weak Reference
    _get_lc_time                              - Undefined Weak Reference
    _getenv_init                              - Undefined Weak Reference
    _handle_redirection                       - Undefined Weak Reference
    _init_alloc                               - Undefined Weak Reference
    _init_user_alloc                          - Undefined Weak Reference
    _initio                                   - Undefined Weak Reference
    _rand_init                                - Undefined Weak Reference
    _signal_finish                            - Undefined Weak Reference
    _signal_init                              - Undefined Weak Reference
    _terminate_alloc                          - Undefined Weak Reference
    _terminate_user_alloc                     - Undefined Weak Reference
    _terminateio                              - Undefined Weak Reference
    __Vectors_Size                           0x000000ec   Number         0  startup_stm32f10x_md.o ABSOLUTE
    __Vectors                                0x08000000   Data           4  startup_stm32f10x_md.o(RESET)
    __Vectors_End                            0x080000ec   Data           0  startup_stm32f10x_md.o(RESET)
    __main                                   0x080000ed   Thumb Code     8  __main.o(!!!main)
    __scatterload                            0x080000f5   Thumb Code     0  __scatter.o(!!!scatter)
    __scatterload_rt2                        0x080000f5   Thumb Code    44  __scatter.o(!!!scatter)
    __scatterload_rt2_thumb_only             0x080000f5   Thumb Code     0  __scatter.o(!!!scatter)
    __scatterload_null                       0x08000103   Thumb Code     0  __scatter.o(!!!scatter)
    __scatterload_copy                       0x08000129   Thumb Code    26  __scatter_copy.o(!!handler_copy)
    __scatterload_zeroinit                   0x08000145   Thumb Code    28  __scatter_zi.o(!!handler_zi)
    __rt_lib_init                            0x08000161   Thumb Code     0  libinit.o(.ARM.Collect$$libinit$$00000000)
    __rt_lib_init_alloca_1                   0x08000163   Thumb Code     0  libinit2.o(.ARM.Collect$$libinit$$0000002E)
    __rt_lib_init_argv_1                     0x08000163   Thumb Code     0  libinit2.o(.ARM.Collect$$libinit$$0000002C)
    __rt_lib_init_atexit_1                   0x08000163   Thumb Code     0  libinit2.o(.ARM.Collect$$libinit$$0000001B)
    __rt_lib_init_clock_1                    0x08000163   Thumb Code     0  libinit2.o(.ARM.Collect$$libinit$$00000021)
    __rt_lib_init_cpp_1                      0x08000163   Thumb Code     0  libinit2.o(.ARM.Collect$$libinit$$00000032)
    __rt_lib_init_exceptions_1               0x08000163   Thumb Code     0  libinit2.o(.ARM.Collect$$libinit$$00000030)
    __rt_lib_init_fp_1                       0x08000163   Thumb Code     0  libinit2.o(.ARM.Collect$$libinit$$00000002)
    __rt_lib_init_fp_trap_1                  0x08000163   Thumb Code     0  libinit2.o(.ARM.Collect$$libinit$$0000001F)
    __rt_lib_init_getenv_1                   0x08000163   Thumb Code     0  libinit2.o(.ARM.Collect$$libinit$$00000023)
    __rt_lib_init_heap_1                     0x08000163   Thumb Code     0  libinit2.o(.ARM.Collect$$libinit$$0000000A)
    __rt_lib_init_lc_collate_1               0x08000163   Thumb Code     0  libinit2.o(.ARM.Collect$$libinit$$00000011)
    __rt_lib_init_lc_ctype_1                 0x08000163   Thumb Code     0  libinit2.o(.ARM.Collect$$libinit$$00000013)
    __rt_lib_init_lc_monetary_1              0x08000163   Thumb Code     0  libinit2.o(.ARM.Collect$$libinit$$00000015)
    __rt_lib_init_lc_numeric_1               0x08000163   Thumb Code     0  libinit2.o(.ARM.Collect$$libinit$$00000017)
    __rt_lib_init_lc_time_1                  0x08000163   Thumb Code     0  libinit2.o(.ARM.Collect$$libinit$$00000019)
    __rt_lib_init_preinit_1                  0x08000163   Thumb Code     0  libinit2.o(.ARM.Collect$$libinit$$00000004)
    __rt_lib_init_rand_1                     0x08000163   Thumb Code     0  libinit2.o(.ARM.Collect$$libinit$$0000000E)
    __rt_lib_init_return                     0x08000163   Thumb Code     0  libinit2.o(.ARM.Collect$$libinit$$00000033)
    __rt_lib_init_signal_1                   0x08000163   Thumb Code     0  libinit2.o(.ARM.Collect$$libinit$$0000001D)
    __rt_lib_init_stdio_1                    0x08000163   Thumb Code     0  libinit2.o(.ARM.Collect$$libinit$$00000025)
    __rt_lib_init_user_alloc_1               0x08000163   Thumb Code     0  libinit2.o(.ARM.Collect$$libinit$$0000000C)
    __rt_lib_shutdown                        0x08000165   Thumb Code     0  libshutdown.o(.ARM.Collect$$libshutdown$$00000000)
    __rt_lib_shutdown_fp_trap_1              0x08000167   Thumb Code     0  libshutdown2.o(.ARM.Collect$$libshutdown$$00000006)
    __rt_lib_shutdown_heap_1                 0x08000167   Thumb Code     0  libshutdown2.o(.ARM.Collect$$libshutdown$$0000000E)
    __rt_lib_shutdown_return                 0x08000167   Thumb Code     0  libshutdown2.o(.ARM.Collect$$libshutdown$$0000000F)
    __rt_lib_shutdown_signal_1               0x08000167   Thumb Code     0  libshutdown2.o(.ARM.Collect$$libshutdown$$00000009)
    __rt_lib_shutdown_stdio_1                0x08000167   Thumb Code     0  libshutdown2.o(.ARM.Collect$$libshutdown$$00000003)
    __rt_lib_shutdown_user_alloc_1           0x08000167   Thumb Code     0  libshutdown2.o(.ARM.Collect$$libshutdown$$0000000B)
    __rt_entry                               0x08000169   Thumb Code     0  __rtentry.o(.ARM.Collect$$rtentry$$00000000)
    __rt_entry_presh_1                       0x08000169   Thumb Code     0  __rtentry2.o(.ARM.Collect$$rtentry$$00000002)
    __rt_entry_sh                            0x08000169   Thumb Code     0  __rtentry4.o(.ARM.Collect$$rtentry$$00000004)
    __rt_entry_li                            0x0800016f   Thumb Code     0  __rtentry2.o(.ARM.Collect$$rtentry$$0000000A)
    __rt_entry_postsh_1                      0x0800016f   Thumb Code     0  __rtentry2.o(.ARM.Collect$$rtentry$$00000009)
    __rt_entry_main                          0x08000173   Thumb Code     0  __rtentry2.o(.ARM.Collect$$rtentry$$0000000D)
    __rt_entry_postli_1                      0x08000173   Thumb Code     0  __rtentry2.o(.ARM.Collect$$rtentry$$0000000C)
    __rt_exit                                0x0800017b   Thumb Code     0  rtexit.o(.ARM.Collect$$rtexit$$00000000)
    __rt_exit_ls                             0x0800017d   Thumb Code     0  rtexit2.o(.ARM.Collect$$rtexit$$00000003)
    __rt_exit_prels_1                        0x0800017d   Thumb Code     0  rtexit2.o(.ARM.Collect$$rtexit$$00000002)
    __rt_exit_exit                           0x08000181   Thumb Code     0  rtexit2.o(.ARM.Collect$$rtexit$$00000004)
    OS_CPU_SR_Save                           0x08000189   Thumb Code     0  os_cpu_a.o(.text)
    OS_CPU_SR_Restore                        0x08000191   Thumb Code     0  os_cpu_a.o(.text)
    OSStartHighRdy                           0x08000197   Thumb Code     0  os_cpu_a.o(.text)
    OSCtxSw                                  0x080001b7   Thumb Code     0  os_cpu_a.o(.text)
    OSIntCtxSw                               0x080001c1   Thumb Code     0  os_cpu_a.o(.text)
    OS_CPU_PendSVHandler                     0x080001cb   Thumb Code     0  os_cpu_a.o(.text)
    Reset_Handler                            0x0800022d   Thumb Code     8  startup_stm32f10x_md.o(.text)
    NMI_Handler                              0x08000235   Thumb Code     2  startup_stm32f10x_md.o(.text)
    HardFault_Handler                        0x08000237   Thumb Code     2  startup_stm32f10x_md.o(.text)
    MemManage_Handler                        0x08000239   Thumb Code     2  startup_stm32f10x_md.o(.text)
    BusFault_Handler                         0x0800023b   Thumb Code     2  startup_stm32f10x_md.o(.text)
    UsageFault_Handler                       0x0800023d   Thumb Code     2  startup_stm32f10x_md.o(.text)
    SVC_Handler                              0x0800023f   Thumb Code     2  startup_stm32f10x_md.o(.text)
    DebugMon_Handler                         0x08000241   Thumb Code     2  startup_stm32f10x_md.o(.text)
    PendSV_Handler                           0x08000243   Thumb Code     2  startup_stm32f10x_md.o(.text)
    ADC1_2_IRQHandler                        0x08000247   Thumb Code     0  startup_stm32f10x_md.o(.text)
    CAN1_RX1_IRQHandler                      0x08000247   Thumb Code     0  startup_stm32f10x_md.o(.text)
    CAN1_SCE_IRQHandler                      0x08000247   Thumb Code     0  startup_stm32f10x_md.o(.text)
    DMA1_Channel1_IRQHandler                 0x08000247   Thumb Code     0  startup_stm32f10x_md.o(.text)
    DMA1_Channel2_IRQHandler                 0x08000247   Thumb Code     0  startup_stm32f10x_md.o(.text)
    DMA1_Channel3_IRQHandler                 0x08000247   Thumb Code     0  startup_stm32f10x_md.o(.text)
    DMA1_Channel4_IRQHandler                 0x08000247   Thumb Code     0  startup_stm32f10x_md.o(.text)
    DMA1_Channel5_IRQHandler                 0x08000247   Thumb Code     0  startup_stm32f10x_md.o(.text)
    DMA1_Channel6_IRQHandler                 0x08000247   Thumb Code     0  startup_stm32f10x_md.o(.text)
    DMA1_Channel7_IRQHandler                 0x08000247   Thumb Code     0  startup_stm32f10x_md.o(.text)
    EXTI0_IRQHandler                         0x08000247   Thumb Code     0  startup_stm32f10x_md.o(.text)
    EXTI15_10_IRQHandler                     0x08000247   Thumb Code     0  startup_stm32f10x_md.o(.text)
    EXTI1_IRQHandler                         0x08000247   Thumb Code     0  startup_stm32f10x_md.o(.text)
    EXTI2_IRQHandler                         0x08000247   Thumb Code     0  startup_stm32f10x_md.o(.text)
    EXTI3_IRQHandler                         0x08000247   Thumb Code     0  startup_stm32f10x_md.o(.text)
    EXTI4_IRQHandler                         0x08000247   Thumb Code     0  startup_stm32f10x_md.o(.text)
    EXTI9_5_IRQHandler                       0x08000247   Thumb Code     0  startup_stm32f10x_md.o(.text)
    FLASH_IRQHandler                         0x08000247   Thumb Code     0  startup_stm32f10x_md.o(.text)
    I2C1_ER_IRQHandler                       0x08000247   Thumb Code     0  startup_stm32f10x_md.o(.text)
    I2C1_EV_IRQHandler                       0x08000247   Thumb Code     0  startup_stm32f10x_md.o(.text)
    I2C2_ER_IRQHandler                       0x08000247   Thumb Code     0  startup_stm32f10x_md.o(.text)
    I2C2_EV_IRQHandler                       0x08000247   Thumb Code     0  startup_stm32f10x_md.o(.text)
    PVD_IRQHandler                           0x08000247   Thumb Code     0  startup_stm32f10x_md.o(.text)
    RCC_IRQHandler                           0x08000247   Thumb Code     0  startup_stm32f10x_md.o(.text)
    RTCAlarm_IRQHandler                      0x08000247   Thumb Code     0  startup_stm32f10x_md.o(.text)
    RTC_IRQHandler                           0x08000247   Thumb Code     0  startup_stm32f10x_md.o(.text)
    SPI1_IRQHandler                          0x08000247   Thumb Code     0  startup_stm32f10x_md.o(.text)
    SPI2_IRQHandler                          0x08000247   Thumb Code     0  startup_stm32f10x_md.o(.text)
    TAMPER_IRQHandler                        0x08000247   Thumb Code     0  startup_stm32f10x_md.o(.text)
    TIM1_BRK_IRQHandler                      0x08000247   Thumb Code     0  startup_stm32f10x_md.o(.text)
    TIM1_CC_IRQHandler                       0x08000247   Thumb Code     0  startup_stm32f10x_md.o(.text)
    TIM1_TRG_COM_IRQHandler                  0x08000247   Thumb Code     0  startup_stm32f10x_md.o(.text)
    TIM1_UP_IRQHandler                       0x08000247   Thumb Code     0  startup_stm32f10x_md.o(.text)
    TIM2_IRQHandler                          0x08000247   Thumb Code     0  startup_stm32f10x_md.o(.text)
    TIM3_IRQHandler                          0x08000247   Thumb Code     0  startup_stm32f10x_md.o(.text)
    TIM4_IRQHandler                          0x08000247   Thumb Code     0  startup_stm32f10x_md.o(.text)
    USART1_IRQHandler                        0x08000247   Thumb Code     0  startup_stm32f10x_md.o(.text)
    USART2_IRQHandler                        0x08000247   Thumb Code     0  startup_stm32f10x_md.o(.text)
    USART3_IRQHandler                        0x08000247   Thumb Code     0  startup_stm32f10x_md.o(.text)
    USBWakeUp_IRQHandler                     0x08000247   Thumb Code     0  startup_stm32f10x_md.o(.text)
    USB_HP_CAN1_TX_IRQHandler                0x08000247   Thumb Code     0  startup_stm32f10x_md.o(.text)
    USB_LP_CAN1_RX0_IRQHandler               0x08000247   Thumb Code     0  startup_stm32f10x_md.o(.text)
    WWDG_IRQHandler                          0x08000247   Thumb Code     0  startup_stm32f10x_md.o(.text)
    __user_initial_stackheap                 0x08000249   Thumb Code     0  startup_stm32f10x_md.o(.text)
    __use_two_region_memory                  0x0800026d   Thumb Code     2  heapauxi.o(.text)
    __rt_heap_escrow$2region                 0x0800026f   Thumb Code     2  heapauxi.o(.text)
    __rt_heap_expand$2region                 0x08000271   Thumb Code     2  heapauxi.o(.text)
    __user_setup_stackheap                   0x08000273   Thumb Code    74  sys_stackheap_outer.o(.text)
    exit                                     0x080002bd   Thumb Code    12  exit.o(.text)
    __user_libspace                          0x080002c9   Thumb Code     8  libspace.o(.text)
    __user_perproc_libspace                  0x080002c9   Thumb Code     0  libspace.o(.text)
    __user_perthread_libspace                0x080002c9   Thumb Code     0  libspace.o(.text)
    _sys_exit                                0x080002d1   Thumb Code     8  sys_exit.o(.text)
    __I$use$semihosting                      0x080002dd   Thumb Code     0  use_no_semi.o(.text)
    __use_no_semihosting_swi                 0x080002dd   Thumb Code     2  use_no_semi.o(.text)
    BSP_CPU_ClkFreq                          0x080002df   Thumb Code    16  bsp.o(i.BSP_CPU_ClkFreq)
    __semihosting_library_function           0x080002df   Thumb Code     0  indicate_semi.o(.text)
    DHT11_Pin_IN                             0x080002f1   Thumb Code    38  dht11.o(i.DHT11_Pin_IN)
    DHT11_Pin_OUT                            0x0800031d   Thumb Code    38  dht11.o(i.DHT11_Pin_OUT)
    DHT11_Set                                0x08000349   Thumb Code    26  dht11.o(i.DHT11_Set)
    Delay_ms                                 0x08000369   Thumb Code    12  app_1.o(i.Delay_ms)
    Delay_us                                 0x08000375   Thumb Code    12  dht11.o(i.Delay_us)
    GPIO_Configuration                       0x08000381   Thumb Code    74  app_1.o(i.GPIO_Configuration)
    GPIO_Init                                0x080003d5   Thumb Code   278  stm32f10x_gpio.o(i.GPIO_Init)
    GPIO_ReadInputDataBit                    0x080004eb   Thumb Code    18  stm32f10x_gpio.o(i.GPIO_ReadInputDataBit)
    GPIO_WriteBit                            0x080004fd   Thumb Code    10  stm32f10x_gpio.o(i.GPIO_WriteBit)
    LED0_task                                0x08000509   Thumb Code    96  app_1.o(i.LED0_task)
    LED1_task                                0x08000571   Thumb Code    18  app_1.o(i.LED1_task)
    OSDebugInit                              0x08000589   Thumb Code    94  os_dbg.o(i.OSDebugInit)
    OSInit                                   0x0800069d   Thumb Code    44  os_core.o(i.OSInit)
    OSInitHookBegin                          0x080006c9   Thumb Code     2  os_cpu_c.o(i.OSInitHookBegin)
    OSInitHookEnd                            0x080006cb   Thumb Code     2  os_cpu_c.o(i.OSInitHookEnd)
    OSIntExit                                0x080006cd   Thumb Code   112  os_core.o(i.OSIntExit)
    OSStart                                  0x0800075d   Thumb Code    48  os_core.o(i.OSStart)
    OSTCBInitHook                            0x080007a5   Thumb Code     2  os_cpu_c.o(i.OSTCBInitHook)
    OSTaskCreate                             0x080007a9   Thumb Code   150  os_task.o(i.OSTaskCreate)
    OSTaskCreateExt                          0x0800084d   Thumb Code   172  os_task.o(i.OSTaskCreateExt)
    OSTaskCreateHook                         0x08000905   Thumb Code     2  os_cpu_c.o(i.OSTaskCreateHook)
    OSTaskIdleHook                           0x08000907   Thumb Code     2  os_cpu_c.o(i.OSTaskIdleHook)
    OSTaskNameSet                            0x08000909   Thumb Code   132  os_task.o(i.OSTaskNameSet)
    OSTaskStatHook                           0x08000999   Thumb Code     2  os_cpu_c.o(i.OSTaskStatHook)
    OSTaskStkChk                             0x0800099d   Thumb Code   132  os_task.o(i.OSTaskStkChk)
    OSTaskStkInit                            0x08000a29   Thumb Code   154  os_cpu_c.o(i.OSTaskStkInit)
    OSTaskSuspend                            0x08000ac5   Thumb Code   152  os_task.o(i.OSTaskSuspend)
    OSTaskSwHook                             0x08000b6d   Thumb Code     2  os_cpu_c.o(i.OSTaskSwHook)
    OSTimeDly                                0x08000b71   Thumb Code    96  os_time.o(i.OSTimeDly)
    OSTimeTick                               0x08000be1   Thumb Code   210  os_core.o(i.OSTimeTick)
    OSTimeTickHook                           0x08000ccd   Thumb Code     2  os_cpu_c.o(i.OSTimeTickHook)
    OS_CPU_SysTickClkFreq                    0x08000ccf   Thumb Code    12  bsp.o(i.OS_CPU_SysTickClkFreq)
    OS_CPU_SysTickInit                       0x08000cdb   Thumb Code    44  os_cpu_c.o(i.OS_CPU_SysTickInit)
    OS_FlagInit                              0x08000d09   Thumb Code    68  os_flag.o(i.OS_FlagInit)
    OS_MemClr                                0x08000f49   Thumb Code    18  os_core.o(i.OS_MemClr)
    OS_Sched                                 0x08000f5d   Thumb Code    86  os_core.o(i.OS_Sched)
    OS_StrCopy                               0x08000ffd   Thumb Code    28  os_core.o(i.OS_StrCopy)
    OS_StrLen                                0x08001019   Thumb Code    20  os_core.o(i.OS_StrLen)
    OS_TCBInit                               0x0800102d   Thumb Code   264  os_core.o(i.OS_TCBInit)
    OS_TaskIdle                              0x0800114d   Thumb Code    32  os_core.o(i.OS_TaskIdle)
    OS_TaskStat                              0x08001171   Thumb Code   114  os_core.o(i.OS_TaskStat)
    OS_TaskStatStkChk                        0x080011f9   Thumb Code    54  os_core.o(i.OS_TaskStatStkChk)
    OS_TaskStkClr                            0x08001235   Thumb Code    26  os_task.o(i.OS_TaskStkClr)
    RCC_APB2PeriphClockCmd                   0x08001251   Thumb Code    26  stm32f10x_rcc.o(i.RCC_APB2PeriphClockCmd)
    RCC_DeInit                               0x08001271   Thumb Code    64  stm32f10x_rcc.o(i.RCC_DeInit)
    RCC_GetClocksFreq                        0x080012bd   Thumb Code   192  stm32f10x_rcc.o(i.RCC_GetClocksFreq)
    SysTick_Handler                          0x08001479   Thumb Code    34  app_1.o(i.SysTick_Handler)
    SystemInit                               0x080014a1   Thumb Code    78  system_stm32f10x.o(i.SystemInit)
    digit_select                             0x08001501   Thumb Code    90  app_1.o(i.digit_select)
    digit_show                               0x08001565   Thumb Code   222  app_1.o(i.digit_show)
    get_humidity                             0x08001649   Thumb Code     6  dht11.o(i.get_humidity)
    get_temperature                          0x08001655   Thumb Code     6  dht11.o(i.get_temperature)
    led_show                                 0x08001661   Thumb Code    82  app_1.o(i.led_show)
    main                                     0x080016b9   Thumb Code    46  app_1.o(i.main)
    read_dht11                               0x080016f9   Thumb Code   302  dht11.o(i.read_dht11)
    OSDebugEn                                0x08001834   Data           2  os_dbg.o(.constdata)
    OSEndiannessTest                         0x08001838   Data           4  os_dbg.o(.constdata)
    OSEventMax                               0x0800183c   Data           2  os_dbg.o(.constdata)
    OSEventNameSize                          0x0800183e   Data           2  os_dbg.o(.constdata)
    OSEventEn                                0x08001840   Data           2  os_dbg.o(.constdata)
    OSEventSize                              0x08001842   Data           2  os_dbg.o(.constdata)
    OSEventTblSize                           0x08001844   Data           2  os_dbg.o(.constdata)
    OSFlagEn                                 0x08001846   Data           2  os_dbg.o(.constdata)
    OSFlagGrpSize                            0x08001848   Data           2  os_dbg.o(.constdata)
    OSFlagNodeSize                           0x0800184a   Data           2  os_dbg.o(.constdata)
    OSFlagWidth                              0x0800184c   Data           2  os_dbg.o(.constdata)
    OSFlagMax                                0x0800184e   Data           2  os_dbg.o(.constdata)
    OSFlagNameSize                           0x08001850   Data           2  os_dbg.o(.constdata)
    OSLowestPrio                             0x08001852   Data           2  os_dbg.o(.constdata)
    OSMboxEn                                 0x08001854   Data           2  os_dbg.o(.constdata)
    OSMemEn                                  0x08001856   Data           2  os_dbg.o(.constdata)
    OSMemMax                                 0x08001858   Data           2  os_dbg.o(.constdata)
    OSMemNameSize                            0x0800185a   Data           2  os_dbg.o(.constdata)
    OSMemSize                                0x0800185c   Data           2  os_dbg.o(.constdata)
    OSMemTblSize                             0x0800185e   Data           2  os_dbg.o(.constdata)
    OSMutexEn                                0x08001860   Data           2  os_dbg.o(.constdata)
    OSPtrSize                                0x08001862   Data           2  os_dbg.o(.constdata)
    OSQEn                                    0x08001864   Data           2  os_dbg.o(.constdata)
    OSQMax                                   0x08001866   Data           2  os_dbg.o(.constdata)
    OSQSize                                  0x08001868   Data           2  os_dbg.o(.constdata)
    OSRdyTblSize                             0x0800186a   Data           2  os_dbg.o(.constdata)
    OSSemEn                                  0x0800186c   Data           2  os_dbg.o(.constdata)
    OSStkWidth                               0x0800186e   Data           2  os_dbg.o(.constdata)
    OSTaskCreateEn                           0x08001870   Data           2  os_dbg.o(.constdata)
    OSTaskCreateExtEn                        0x08001872   Data           2  os_dbg.o(.constdata)
    OSTaskDelEn                              0x08001874   Data           2  os_dbg.o(.constdata)
    OSTaskIdleStkSize                        0x08001876   Data           2  os_dbg.o(.constdata)
    OSTaskProfileEn                          0x08001878   Data           2  os_dbg.o(.constdata)
    OSTaskMax                                0x0800187a   Data           2  os_dbg.o(.constdata)
    OSTaskNameSize                           0x0800187c   Data           2  os_dbg.o(.constdata)
    OSTaskStatEn                             0x0800187e   Data           2  os_dbg.o(.constdata)
    OSTaskStatStkSize                        0x08001880   Data           2  os_dbg.o(.constdata)
    OSTaskStatStkChkEn                       0x08001882   Data           2  os_dbg.o(.constdata)
    OSTaskSwHookEn                           0x08001884   Data           2  os_dbg.o(.constdata)
    OSTCBPrioTblMax                          0x08001886   Data           2  os_dbg.o(.constdata)
    OSTCBSize                                0x08001888   Data           2  os_dbg.o(.constdata)
    OSTicksPerSec                            0x0800188a   Data           2  os_dbg.o(.constdata)
    OSTimeTickHookEn                         0x0800188c   Data           2  os_dbg.o(.constdata)
    OSVersionNbr                             0x0800188e   Data           2  os_dbg.o(.constdata)
    OSDataSize                               0x08001890   Data           2  os_dbg.o(.constdata)
    OSUnMapTbl                               0x08001892   Data         256  os_core.o(.constdata)
    Region$$Table$$Base                      0x08001994   Number         0  anon$$obj.o(Region$$Table)
    Region$$Table$$Limit                     0x080019b4   Number         0  anon$$obj.o(Region$$Table)
    ledValue                                 0x20000000   Data           4  app_1.o(.data)
    cpu_sr                                   0x20000004   Data           4  app_1.o(.data)
    humidity                                 0x2000000c   Data           4  dht11.o(.data)
    temperature                              0x20000010   Data           4  dht11.o(.data)
    OSCtxSwCtr                               0x20000014   Data           4  os_core.o(.data)
    OSEventFreeList                          0x20000018   Data           4  os_core.o(.data)
    OSFlagFreeList                           0x2000001c   Data           4  os_core.o(.data)
    OSCPUUsage                               0x20000020   Data           1  os_core.o(.data)
    OSIdleCtrMax                             0x20000024   Data           4  os_core.o(.data)
    OSIdleCtrRun                             0x20000028   Data           4  os_core.o(.data)
    OSStatRdy                                0x2000002c   Data           1  os_core.o(.data)
    OSIntNesting                             0x2000002d   Data           1  os_core.o(.data)
    OSLockNesting                            0x2000002e   Data           1  os_core.o(.data)
    OSPrioCur                                0x2000002f   Data           1  os_core.o(.data)
    OSPrioHighRdy                            0x20000030   Data           1  os_core.o(.data)
    OSRdyGrp                                 0x20000031   Data           1  os_core.o(.data)
    OSRdyTbl                                 0x20000032   Data           4  os_core.o(.data)
    OSRunning                                0x20000036   Data           1  os_core.o(.data)
    OSTaskCtr                                0x20000037   Data           1  os_core.o(.data)
    OSIdleCtr                                0x20000038   Data           4  os_core.o(.data)
    OSTCBCur                                 0x2000003c   Data           4  os_core.o(.data)
    OSTCBFreeList                            0x20000040   Data           4  os_core.o(.data)
    OSTCBHighRdy                             0x20000044   Data           4  os_core.o(.data)
    OSTCBList                                0x20000048   Data           4  os_core.o(.data)
    OSTickStepState                          0x2000004c   Data           1  os_core.o(.data)
    OSTime                                   0x20000050   Data           4  os_core.o(.data)
    LED0_Task_STK                            0x20000068   Data         400  app_1.o(.bss)
    LED1_Task_STK                            0x200001f8   Data         400  app_1.o(.bss)
    Task_STK                                 0x20000388   Data         400  app_1.o(.bss)
    OSEventTbl                               0x20000518   Data         320  os_core.o(.bss)
    OSFlagTbl                                0x20000658   Data         140  os_core.o(.bss)
    OSTaskStatStk                            0x200006e4   Data         512  os_core.o(.bss)
    OSTaskIdleStk                            0x200008e4   Data         512  os_core.o(.bss)
    OSTCBPrioTbl                             0x20000ae4   Data         128  os_core.o(.bss)
    OSTCBTbl                                 0x20000b64   Data        2024  os_core.o(.bss)
    __libspace_start                         0x2000134c   Data          96  libspace.o(.bss)
    __temporary_stack_top$libspace           0x200013ac   Data           0  libspace.o(.bss)



==============================================================================

Memory Map of the image

  Image Entry point : 0x080000ed

  Load Region LR_IROM1 (Base: 0x08000000, Size: 0x00001a1c, Max: 0x00010000, ABSOLUTE)

    Execution Region ER_IROM1 (Base: 0x08000000, Size: 0x000019b4, Max: 0x00010000, ABSOLUTE)

    Base Addr    Size         Type   Attr      Idx    E Section Name        Object

    0x08000000   0x000000ec   Data   RO         1451    RESET               startup_stm32f10x_md.o
    0x080000ec   0x00000008   Code   RO         1506  * !!!main             c_w.l(__main.o)
    0x080000f4   0x00000034   Code   RO         1662    !!!scatter          c_w.l(__scatter.o)
    0x08000128   0x0000001a   Code   RO         1664    !!handler_copy      c_w.l(__scatter_copy.o)
    0x08000142   0x00000002   PAD
    0x08000144   0x0000001c   Code   RO         1666    !!handler_zi        c_w.l(__scatter_zi.o)
    0x08000160   0x00000002   Code   RO         1533    .ARM.Collect$$libinit$$00000000  c_w.l(libinit.o)
    0x08000162   0x00000000   Code   RO         1540    .ARM.Collect$$libinit$$00000002  c_w.l(libinit2.o)
    0x08000162   0x00000000   Code   RO         1542    .ARM.Collect$$libinit$$00000004  c_w.l(libinit2.o)
    0x08000162   0x00000000   Code   RO         1545    .ARM.Collect$$libinit$$0000000A  c_w.l(libinit2.o)
    0x08000162   0x00000000   Code   RO         1547    .ARM.Collect$$libinit$$0000000C  c_w.l(libinit2.o)
    0x08000162   0x00000000   Code   RO         1549    .ARM.Collect$$libinit$$0000000E  c_w.l(libinit2.o)
    0x08000162   0x00000000   Code   RO         1552    .ARM.Collect$$libinit$$00000011  c_w.l(libinit2.o)
    0x08000162   0x00000000   Code   RO         1554    .ARM.Collect$$libinit$$00000013  c_w.l(libinit2.o)
    0x08000162   0x00000000   Code   RO         1556    .ARM.Collect$$libinit$$00000015  c_w.l(libinit2.o)
    0x08000162   0x00000000   Code   RO         1558    .ARM.Collect$$libinit$$00000017  c_w.l(libinit2.o)
    0x08000162   0x00000000   Code   RO         1560    .ARM.Collect$$libinit$$00000019  c_w.l(libinit2.o)
    0x08000162   0x00000000   Code   RO         1562    .ARM.Collect$$libinit$$0000001B  c_w.l(libinit2.o)
    0x08000162   0x00000000   Code   RO         1564    .ARM.Collect$$libinit$$0000001D  c_w.l(libinit2.o)
    0x08000162   0x00000000   Code   RO         1566    .ARM.Collect$$libinit$$0000001F  c_w.l(libinit2.o)
    0x08000162   0x00000000   Code   RO         1568    .ARM.Collect$$libinit$$00000021  c_w.l(libinit2.o)
    0x08000162   0x00000000   Code   RO         1570    .ARM.Collect$$libinit$$00000023  c_w.l(libinit2.o)
    0x08000162   0x00000000   Code   RO         1572    .ARM.Collect$$libinit$$00000025  c_w.l(libinit2.o)
    0x08000162   0x00000000   Code   RO         1576    .ARM.Collect$$libinit$$0000002C  c_w.l(libinit2.o)
    0x08000162   0x00000000   Code   RO         1578    .ARM.Collect$$libinit$$0000002E  c_w.l(libinit2.o)
    0x08000162   0x00000000   Code   RO         1580    .ARM.Collect$$libinit$$00000030  c_w.l(libinit2.o)
    0x08000162   0x00000000   Code   RO         1582    .ARM.Collect$$libinit$$00000032  c_w.l(libinit2.o)
    0x08000162   0x00000002   Code   RO         1583    .ARM.Collect$$libinit$$00000033  c_w.l(libinit2.o)
    0x08000164   0x00000002   Code   RO         1603    .ARM.Collect$$libshutdown$$00000000  c_w.l(libshutdown.o)
    0x08000166   0x00000000   Code   RO         1617    .ARM.Collect$$libshutdown$$00000003  c_w.l(libshutdown2.o)
    0x08000166   0x00000000   Code   RO         1620    .ARM.Collect$$libshutdown$$00000006  c_w.l(libshutdown2.o)
    0x08000166   0x00000000   Code   RO         1623    .ARM.Collect$$libshutdown$$00000009  c_w.l(libshutdown2.o)
    0x08000166   0x00000000   Code   RO         1625    .ARM.Collect$$libshutdown$$0000000B  c_w.l(libshutdown2.o)
    0x08000166   0x00000000   Code   RO         1628    .ARM.Collect$$libshutdown$$0000000E  c_w.l(libshutdown2.o)
    0x08000166   0x00000002   Code   RO         1629    .ARM.Collect$$libshutdown$$0000000F  c_w.l(libshutdown2.o)
    0x08000168   0x00000000   Code   RO         1508    .ARM.Collect$$rtentry$$00000000  c_w.l(__rtentry.o)
    0x08000168   0x00000000   Code   RO         1510    .ARM.Collect$$rtentry$$00000002  c_w.l(__rtentry2.o)
    0x08000168   0x00000006   Code   RO         1522    .ARM.Collect$$rtentry$$00000004  c_w.l(__rtentry4.o)
    0x0800016e   0x00000000   Code   RO         1512    .ARM.Collect$$rtentry$$00000009  c_w.l(__rtentry2.o)
    0x0800016e   0x00000004   Code   RO         1513    .ARM.Collect$$rtentry$$0000000A  c_w.l(__rtentry2.o)
    0x08000172   0x00000000   Code   RO         1515    .ARM.Collect$$rtentry$$0000000C  c_w.l(__rtentry2.o)
    0x08000172   0x00000008   Code   RO         1516    .ARM.Collect$$rtentry$$0000000D  c_w.l(__rtentry2.o)
    0x0800017a   0x00000002   Code   RO         1537    .ARM.Collect$$rtexit$$00000000  c_w.l(rtexit.o)
    0x0800017c   0x00000000   Code   RO         1585    .ARM.Collect$$rtexit$$00000002  c_w.l(rtexit2.o)
    0x0800017c   0x00000004   Code   RO         1586    .ARM.Collect$$rtexit$$00000003  c_w.l(rtexit2.o)
    0x08000180   0x00000006   Code   RO         1587    .ARM.Collect$$rtexit$$00000004  c_w.l(rtexit2.o)
    0x08000186   0x00000002   PAD
    0x08000188   0x000000a4   Code   RO          415    .text               os_cpu_a.o
    0x0800022c   0x00000040   Code   RO         1452    .text               startup_stm32f10x_md.o
    0x0800026c   0x00000006   Code   RO         1504    .text               c_w.l(heapauxi.o)
    0x08000272   0x0000004a   Code   RO         1524    .text               c_w.l(sys_stackheap_outer.o)
    0x080002bc   0x0000000c   Code   RO         1526    .text               c_w.l(exit.o)
    0x080002c8   0x00000008   Code   RO         1534    .text               c_w.l(libspace.o)
    0x080002d0   0x0000000c   Code   RO         1595    .text               c_w.l(sys_exit.o)
    0x080002dc   0x00000002   Code   RO         1606    .text               c_w.l(use_no_semi.o)
    0x080002de   0x00000000   Code   RO         1608    .text               c_w.l(indicate_semi.o)
    0x080002de   0x00000010   Code   RO          200    i.BSP_CPU_ClkFreq   bsp.o
    0x080002ee   0x00000002   PAD
    0x080002f0   0x0000002c   Code   RO          134    i.DHT11_Pin_IN      dht11.o
    0x0800031c   0x0000002c   Code   RO          135    i.DHT11_Pin_OUT     dht11.o
    0x08000348   0x00000020   Code   RO          136    i.DHT11_Set         dht11.o
    0x08000368   0x0000000c   Code   RO            4    i.Delay_ms          app_1.o
    0x08000374   0x0000000c   Code   RO          137    i.Delay_us          dht11.o
    0x08000380   0x00000054   Code   RO            5    i.GPIO_Configuration  app_1.o
    0x080003d4   0x00000116   Code   RO         1120    i.GPIO_Init         stm32f10x_gpio.o
    0x080004ea   0x00000012   Code   RO         1124    i.GPIO_ReadInputDataBit  stm32f10x_gpio.o
    0x080004fc   0x0000000a   Code   RO         1131    i.GPIO_WriteBit     stm32f10x_gpio.o
    0x08000506   0x00000002   PAD
    0x08000508   0x00000068   Code   RO            6    i.LED0_task         app_1.o
    0x08000570   0x00000018   Code   RO            7    i.LED1_task         app_1.o
    0x08000588   0x00000114   Code   RO          503    i.OSDebugInit       os_dbg.o
    0x0800069c   0x0000002c   Code   RO          521    i.OSInit            os_core.o
    0x080006c8   0x00000002   Code   RO          418    i.OSInitHookBegin   os_cpu_c.o
    0x080006ca   0x00000002   Code   RO          419    i.OSInitHookEnd     os_cpu_c.o
    0x080006cc   0x00000090   Code   RO          523    i.OSIntExit         os_core.o
    0x0800075c   0x00000048   Code   RO          526    i.OSStart           os_core.o
    0x080007a4   0x00000002   Code   RO          420    i.OSTCBInitHook     os_cpu_c.o
    0x080007a6   0x00000002   PAD
    0x080007a8   0x000000a4   Code   RO          944    i.OSTaskCreate      os_task.o
    0x0800084c   0x000000b8   Code   RO          945    i.OSTaskCreateExt   os_task.o
    0x08000904   0x00000002   Code   RO          421    i.OSTaskCreateHook  os_cpu_c.o
    0x08000906   0x00000002   Code   RO          423    i.OSTaskIdleHook    os_cpu_c.o
    0x08000908   0x00000090   Code   RO          949    i.OSTaskNameSet     os_task.o
    0x08000998   0x00000002   Code   RO          424    i.OSTaskStatHook    os_cpu_c.o
    0x0800099a   0x00000002   PAD
    0x0800099c   0x0000008c   Code   RO          952    i.OSTaskStkChk      os_task.o
    0x08000a28   0x0000009a   Code   RO          425    i.OSTaskStkInit     os_cpu_c.o
    0x08000ac2   0x00000002   PAD
    0x08000ac4   0x000000a8   Code   RO          953    i.OSTaskSuspend     os_task.o
    0x08000b6c   0x00000002   Code   RO          426    i.OSTaskSwHook      os_cpu_c.o
    0x08000b6e   0x00000002   PAD
    0x08000b70   0x00000070   Code   RO         1021    i.OSTimeDly         os_time.o
    0x08000be0   0x000000ec   Code   RO          528    i.OSTimeTick        os_core.o
    0x08000ccc   0x00000002   Code   RO          427    i.OSTimeTickHook    os_cpu_c.o
    0x08000cce   0x0000000c   Code   RO          201    i.OS_CPU_SysTickClkFreq  bsp.o
    0x08000cda   0x0000002c   Code   RO          429    i.OS_CPU_SysTickInit  os_cpu_c.o
    0x08000d06   0x00000002   PAD
    0x08000d08   0x0000004c   Code   RO          745    i.OS_FlagInit       os_flag.o
    0x08000d54   0x00000050   Code   RO          537    i.OS_InitEventList  os_core.o
    0x08000da4   0x00000054   Code   RO          538    i.OS_InitMisc       os_core.o
    0x08000df8   0x00000048   Code   RO          539    i.OS_InitRdyList    os_core.o
    0x08000e40   0x00000068   Code   RO          540    i.OS_InitTCBList    os_core.o
    0x08000ea8   0x00000050   Code   RO          541    i.OS_InitTaskIdle   os_core.o
    0x08000ef8   0x00000050   Code   RO          542    i.OS_InitTaskStat   os_core.o
    0x08000f48   0x00000012   Code   RO          543    i.OS_MemClr         os_core.o
    0x08000f5a   0x00000002   PAD
    0x08000f5c   0x00000074   Code   RO          545    i.OS_Sched          os_core.o
    0x08000fd0   0x0000002c   Code   RO          546    i.OS_SchedNew       os_core.o
    0x08000ffc   0x0000001c   Code   RO          547    i.OS_StrCopy        os_core.o
    0x08001018   0x00000014   Code   RO          548    i.OS_StrLen         os_core.o
    0x0800102c   0x00000120   Code   RO          549    i.OS_TCBInit        os_core.o
    0x0800114c   0x00000024   Code   RO          550    i.OS_TaskIdle       os_core.o
    0x08001170   0x00000088   Code   RO          551    i.OS_TaskStat       os_core.o
    0x080011f8   0x0000003c   Code   RO          552    i.OS_TaskStatStkChk  os_core.o
    0x08001234   0x0000001a   Code   RO          954    i.OS_TaskStkClr     os_task.o
    0x0800124e   0x00000002   PAD
    0x08001250   0x00000020   Code   RO         1244    i.RCC_APB2PeriphClockCmd  stm32f10x_rcc.o
    0x08001270   0x0000004c   Code   RO         1251    i.RCC_DeInit        stm32f10x_rcc.o
    0x080012bc   0x000000d4   Code   RO         1252    i.RCC_GetClocksFreq  stm32f10x_rcc.o
    0x08001390   0x00000008   Code   RO         1459    i.SetSysClock       system_stm32f10x.o
    0x08001398   0x000000e0   Code   RO         1460    i.SetSysClockTo72   system_stm32f10x.o
    0x08001478   0x00000028   Code   RO            8    i.SysTick_Handler   app_1.o
    0x080014a0   0x00000060   Code   RO         1462    i.SystemInit        system_stm32f10x.o
    0x08001500   0x00000064   Code   RO            9    i.digit_select      app_1.o
    0x08001564   0x000000e4   Code   RO           10    i.digit_show        app_1.o
    0x08001648   0x0000000c   Code   RO          138    i.get_humidity      dht11.o
    0x08001654   0x0000000c   Code   RO          139    i.get_temperature   dht11.o
    0x08001660   0x00000058   Code   RO           11    i.led_show          app_1.o
    0x080016b8   0x00000040   Code   RO           12    i.main              app_1.o
    0x080016f8   0x0000013c   Code   RO          140    i.read_dht11        dht11.o
    0x08001834   0x0000005e   Data   RO          504    .constdata          os_dbg.o
    0x08001892   0x00000100   Data   RO          554    .constdata          os_core.o
    0x08001992   0x00000002   PAD
    0x08001994   0x00000020   Data   RO         1660    Region$$Table       anon$$obj.o


    Execution Region RW_IRAM1 (Base: 0x20000000, Size: 0x000019b0, Max: 0x00005000, ABSOLUTE)

    Base Addr    Size         Type   Attr      Idx    E Section Name        Object

    0x20000000   0x0000000c   Data   RW           14    .data               app_1.o
    0x2000000c   0x00000008   Data   RW          141    .data               dht11.o
    0x20000014   0x00000040   Data   RW          555    .data               os_core.o
    0x20000054   0x00000014   Data   RW         1272    .data               stm32f10x_rcc.o
    0x20000068   0x000004b0   Zero   RW           13    .bss                app_1.o
    0x20000518   0x00000e34   Zero   RW          553    .bss                os_core.o
    0x2000134c   0x00000060   Zero   RW         1535    .bss                c_w.l(libspace.o)
    0x200013ac   0x00000004   PAD
    0x200013b0   0x00000200   Zero   RW         1450    HEAP                startup_stm32f10x_md.o
    0x200015b0   0x00000400   Zero   RW         1449    STACK               startup_stm32f10x_md.o


==============================================================================

Image component sizes


      Code (inc. data)   RO Data    RW Data    ZI Data      Debug   Object Name

       744         80          0         12       1200     237876   app_1.o
        28          0          0          0          0       8354   bsp.o
       472         44          0          8          0       3703   dht11.o
      1742        340        256         64       3636      18246   os_core.o
       164         32          0          0          0        272   os_cpu_a.o
       214          0          0          0          0      14001   os_cpu_c.o
       276        182         94          0          0       2733   os_dbg.o
        76          8          0          0          0        502   os_flag.o
       826         62          0          0          0       4888   os_task.o
       112         16          0          0          0        556   os_time.o
        64         26        236          0       1536        796   startup_stm32f10x_md.o
       306          0          0          0          0       3328   stm32f10x_gpio.o
       320         38          0         20          0       4514   stm32f10x_rcc.o
       328         28          0          0          0       1893   system_stm32f10x.o

    ----------------------------------------------------------------------
      5690        856        620        104       6372     301662   Object Totals
         0          0         32          0          0          0   (incl. Generated)
        18          0          2          0          0          0   (incl. Padding)

    ----------------------------------------------------------------------

      Code (inc. data)   RO Data    RW Data    ZI Data      Debug   Library Member Name

         8          0          0          0          0         68   __main.o
         0          0          0          0          0          0   __rtentry.o
        12          0          0          0          0          0   __rtentry2.o
         6          0          0          0          0          0   __rtentry4.o
        52          8          0          0          0          0   __scatter.o
        26          0          0          0          0          0   __scatter_copy.o
        28          0          0          0          0          0   __scatter_zi.o
        12          0          0          0          0         72   exit.o
         6          0          0          0          0        152   heapauxi.o
         0          0          0          0          0          0   indicate_semi.o
         2          0          0          0          0          0   libinit.o
         2          0          0          0          0          0   libinit2.o
         2          0          0          0          0          0   libshutdown.o
         2          0          0          0          0          0   libshutdown2.o
         8          4          0          0         96         68   libspace.o
         2          0          0          0          0          0   rtexit.o
        10          0          0          0          0          0   rtexit2.o
        12          4          0          0          0         68   sys_exit.o
        74          0          0          0          0         80   sys_stackheap_outer.o
         2          0          0          0          0         68   use_no_semi.o

    ----------------------------------------------------------------------
       270         16          0          0        100        576   Library Totals
         4          0          0          0          4          0   (incl. Padding)

    ----------------------------------------------------------------------

      Code (inc. data)   RO Data    RW Data    ZI Data      Debug   Library Name

       266         16          0          0         96        576   c_w.l

    ----------------------------------------------------------------------
       270         16          0          0        100        576   Library Totals

    ----------------------------------------------------------------------

==============================================================================


      Code (inc. data)   RO Data    RW Data    ZI Data      Debug   

      5960        872        620        104       6472     298958   Grand Totals
      5960        872        620        104       6472     298958   ELF Image Totals
      5960        872        620        104          0          0   ROM Totals

==============================================================================

    Total RO  Size (Code + RO Data)                 6580 (   6.43kB)
    Total RW  Size (RW Data + ZI Data)              6576 (   6.42kB)
    Total ROM Size (Code + RO Data + RW Data)       6684 (   6.53kB)

==============================================================================

